Archive member included to satisfy reference by file (symbol)

/opt/homebrew/Cellar/riscv-gnu-toolchain/main/lib/gcc/riscv64-unknown-elf/13.2.0/rv32imac/ilp32/libgcc.a(_clzsi2.o)
                              /Users/putao/code/test/c/free-rtos-riscv/build/tasks.o (__clzsi2)
/opt/homebrew/Cellar/riscv-gnu-toolchain/main/lib/gcc/riscv64-unknown-elf/13.2.0/rv32imac/ilp32/libgcc.a(_clz.o)
                              /opt/homebrew/Cellar/riscv-gnu-toolchain/main/lib/gcc/riscv64-unknown-elf/13.2.0/rv32imac/ilp32/libgcc.a(_clzsi2.o) (__clz_tab)
/opt/homebrew/Cellar/riscv-gnu-toolchain/main/lib/gcc/riscv64-unknown-elf/13.2.0/../../../../riscv64-unknown-elf/lib/rv32imac/ilp32/libc.a(libc_a-memcmp.o)
                              /Users/putao/code/test/c/free-rtos-riscv/build/MessageBufferDemo.o (memcmp)
/opt/homebrew/Cellar/riscv-gnu-toolchain/main/lib/gcc/riscv64-unknown-elf/13.2.0/../../../../riscv64-unknown-elf/lib/rv32imac/ilp32/libc.a(libc_a-memset.o)
                              /Users/putao/code/test/c/free-rtos-riscv/build/tasks.o (memset)
/opt/homebrew/Cellar/riscv-gnu-toolchain/main/lib/gcc/riscv64-unknown-elf/13.2.0/../../../../riscv64-unknown-elf/lib/rv32imac/ilp32/libc.a(libc_a-memcpy.o)
                              /Users/putao/code/test/c/free-rtos-riscv/build/queue.o (memcpy)
/opt/homebrew/Cellar/riscv-gnu-toolchain/main/lib/gcc/riscv64-unknown-elf/13.2.0/../../../../riscv64-unknown-elf/lib/rv32imac/ilp32/libc.a(libc_a-strlen.o)
                              /Users/putao/code/test/c/free-rtos-riscv/build/tasks.o (strlen)
/opt/homebrew/Cellar/riscv-gnu-toolchain/main/lib/gcc/riscv64-unknown-elf/13.2.0/../../../../riscv64-unknown-elf/lib/rv32imac/ilp32/libc.a(libc_a-strcmp.o)
                              /Users/putao/code/test/c/free-rtos-riscv/build/MessageBufferAMP.o (strcmp)

Discarded input sections

 .group         0x00000000        0xc /Users/putao/code/test/c/free-rtos-riscv/build/tasks.o
 .group         0x00000000        0xc /Users/putao/code/test/c/free-rtos-riscv/build/tasks.o
 .group         0x00000000        0xc /Users/putao/code/test/c/free-rtos-riscv/build/tasks.o
 .group         0x00000000        0xc /Users/putao/code/test/c/free-rtos-riscv/build/tasks.o
 .group         0x00000000        0xc /Users/putao/code/test/c/free-rtos-riscv/build/tasks.o
 .group         0x00000000        0xc /Users/putao/code/test/c/free-rtos-riscv/build/tasks.o
 .group         0x00000000        0xc /Users/putao/code/test/c/free-rtos-riscv/build/tasks.o
 .group         0x00000000        0xc /Users/putao/code/test/c/free-rtos-riscv/build/tasks.o
 .group         0x00000000        0xc /Users/putao/code/test/c/free-rtos-riscv/build/tasks.o
 .group         0x00000000        0xc /Users/putao/code/test/c/free-rtos-riscv/build/tasks.o
 .group         0x00000000        0xc /Users/putao/code/test/c/free-rtos-riscv/build/tasks.o
 .group         0x00000000        0xc /Users/putao/code/test/c/free-rtos-riscv/build/tasks.o
 .group         0x00000000        0xc /Users/putao/code/test/c/free-rtos-riscv/build/tasks.o
 .group         0x00000000        0xc /Users/putao/code/test/c/free-rtos-riscv/build/tasks.o
 .group         0x00000000        0xc /Users/putao/code/test/c/free-rtos-riscv/build/tasks.o
 .group         0x00000000        0xc /Users/putao/code/test/c/free-rtos-riscv/build/tasks.o
 .group         0x00000000        0xc /Users/putao/code/test/c/free-rtos-riscv/build/tasks.o
 .group         0x00000000        0xc /Users/putao/code/test/c/free-rtos-riscv/build/tasks.o
 .group         0x00000000        0xc /Users/putao/code/test/c/free-rtos-riscv/build/tasks.o
 .group         0x00000000        0xc /Users/putao/code/test/c/free-rtos-riscv/build/tasks.o
 .group         0x00000000        0xc /Users/putao/code/test/c/free-rtos-riscv/build/tasks.o
 .group         0x00000000        0xc /Users/putao/code/test/c/free-rtos-riscv/build/tasks.o
 .group         0x00000000        0xc /Users/putao/code/test/c/free-rtos-riscv/build/tasks.o
 .group         0x00000000        0xc /Users/putao/code/test/c/free-rtos-riscv/build/tasks.o
 .group         0x00000000        0xc /Users/putao/code/test/c/free-rtos-riscv/build/tasks.o
 .group         0x00000000        0xc /Users/putao/code/test/c/free-rtos-riscv/build/tasks.o
 .group         0x00000000        0xc /Users/putao/code/test/c/free-rtos-riscv/build/tasks.o
 .group         0x00000000        0xc /Users/putao/code/test/c/free-rtos-riscv/build/tasks.o
 .group         0x00000000        0xc /Users/putao/code/test/c/free-rtos-riscv/build/tasks.o
 .group         0x00000000        0xc /Users/putao/code/test/c/free-rtos-riscv/build/tasks.o
 .group         0x00000000        0xc /Users/putao/code/test/c/free-rtos-riscv/build/tasks.o
 .group         0x00000000        0xc /Users/putao/code/test/c/free-rtos-riscv/build/tasks.o
 .group         0x00000000        0xc /Users/putao/code/test/c/free-rtos-riscv/build/tasks.o
[...]
Memory Configuration

Name             Origin             Length             Attributes
rom              0x80000000         0x00080000         axr
ram              0x80080000         0x00080000         axw
*default*        0x00000000         0xffffffff

Linker script and memory map

LOAD /Users/putao/code/test/c/free-rtos-riscv/build/tasks.o
LOAD /Users/putao/code/test/c/free-rtos-riscv/build/list.o
LOAD /Users/putao/code/test/c/free-rtos-riscv/build/queue.o
LOAD /Users/putao/code/test/c/free-rtos-riscv/build/timers.o
LOAD /Users/putao/code/test/c/free-rtos-riscv/build/event_groups.o
LOAD /Users/putao/code/test/c/free-rtos-riscv/build/stream_buffer.o
LOAD /Users/putao/code/test/c/free-rtos-riscv/build/heap_4.o
LOAD /Users/putao/code/test/c/free-rtos-riscv/build/port.o
LOAD /Users/putao/code/test/c/free-rtos-riscv/build/AbortDelay.o
LOAD /Users/putao/code/test/c/free-rtos-riscv/build/BlockQ.o
LOAD /Users/putao/code/test/c/free-rtos-riscv/build/blocktim.o
LOAD /Users/putao/code/test/c/free-rtos-riscv/build/countsem.o
LOAD /Users/putao/code/test/c/free-rtos-riscv/build/death.o
LOAD /Users/putao/code/test/c/free-rtos-riscv/build/dynamic.o
LOAD /Users/putao/code/test/c/free-rtos-riscv/build/EventGroupsDemo.o
LOAD /Users/putao/code/test/c/free-rtos-riscv/build/GenQTest.o
LOAD /Users/putao/code/test/c/free-rtos-riscv/build/integer.o
LOAD /Users/putao/code/test/c/free-rtos-riscv/build/IntSemTest.o
LOAD /Users/putao/code/test/c/free-rtos-riscv/build/MessageBufferAMP.o
LOAD /Users/putao/code/test/c/free-rtos-riscv/build/MessageBufferDemo.o
LOAD /Users/putao/code/test/c/free-rtos-riscv/build/PollQ.o
LOAD /Users/putao/code/test/c/free-rtos-riscv/build/QPeek.o
LOAD /Users/putao/code/test/c/free-rtos-riscv/build/QueueOverwrite.o
LOAD /Users/putao/code/test/c/free-rtos-riscv/build/QueueSet.o
LOAD /Users/putao/code/test/c/free-rtos-riscv/build/QueueSetPolling.o
LOAD /Users/putao/code/test/c/free-rtos-riscv/build/recmutex.o
LOAD /Users/putao/code/test/c/free-rtos-riscv/build/semtest.o
LOAD /Users/putao/code/test/c/free-rtos-riscv/build/StaticAllocation.o
LOAD /Users/putao/code/test/c/free-rtos-riscv/build/StreamBufferDemo.o
LOAD /Users/putao/code/test/c/free-rtos-riscv/build/StreamBufferInterrupt.o
LOAD /Users/putao/code/test/c/free-rtos-riscv/build/TaskNotify.o
LOAD /Users/putao/code/test/c/free-rtos-riscv/build/TaskNotifyArray.o
LOAD /Users/putao/code/test/c/free-rtos-riscv/build/TimerDemo.o
LOAD /Users/putao/code/test/c/free-rtos-riscv/build/main.o
LOAD /Users/putao/code/test/c/free-rtos-riscv/build/main_blinky.o
LOAD /Users/putao/code/test/c/free-rtos-riscv/build/main_full.o
LOAD /Users/putao/code/test/c/free-rtos-riscv/build/ns16550.o
LOAD /Users/putao/code/test/c/free-rtos-riscv/build/riscv-virt.o
LOAD /Users/putao/code/test/c/free-rtos-riscv/build/printf-stdarg.o
LOAD /Users/putao/code/test/c/free-rtos-riscv/build/portASM.o
LOAD /Users/putao/code/test/c/free-rtos-riscv/build/start.o
LOAD /Users/putao/code/test/c/free-rtos-riscv/build/RegTest.o
LOAD /Users/putao/code/test/c/free-rtos-riscv/build/vector.o
                0x0000015e                        __stack_size = 0x15e
START GROUP
END GROUP
LOAD /opt/homebrew/Cellar/riscv-gnu-toolchain/main/lib/gcc/riscv64-unknown-elf/13.2.0/rv32imac/ilp32/libgcc.a
START GROUP
LOAD /opt/homebrew/Cellar/riscv-gnu-toolchain/main/lib/gcc/riscv64-unknown-elf/13.2.0/../../../../riscv64-unknown-elf/lib/rv32imac/ilp32/libc.a
LOAD /opt/homebrew/Cellar/riscv-gnu-toolchain/main/lib/gcc/riscv64-unknown-elf/13.2.0/../../../../riscv64-unknown-elf/lib/rv32imac/ilp32/libgloss.a
END GROUP
LOAD /opt/homebrew/Cellar/riscv-gnu-toolchain/main/lib/gcc/riscv64-unknown-elf/13.2.0/rv32imac/ilp32/libgcc.a

.init           0x80000000       0x72
                0x80000000                        _text = .
 *(SORT_NONE(.init))
 .init          0x80000000       0x72 /Users/putao/code/test/c/free-rtos-riscv/build/start.o
                0x80000000                _start

.text           0x80000080     0xe800
 *(.text.unlikely .text.unlikely.*)
 *(.text.startup .text.startup.*)
 .text.startup.main
                0x80000080       0x14 /Users/putao/code/test/c/free-rtos-riscv/build/main.o
                0x80000080                main
 *(.text .text.*)
 .text.prvSearchForNameWithinSingleList
                0x80000094       0x3c /Users/putao/code/test/c/free-rtos-riscv/build/tasks.o
 .text.prvAddNewTaskToReadyList
                0x800000d0      0x124 /Users/putao/code/test/c/free-rtos-riscv/build/tasks.o
 .text.prvAddCurrentTaskToDelayedList
                0x800001f4       0xd6 /Users/putao/code/test/c/free-rtos-riscv/build/tasks.o
 .text.prvResetNextTaskUnblockTime
                0x800002ca       0x1a /Users/putao/code/test/c/free-rtos-riscv/build/tasks.o
 .text.prvTaskIsTaskSuspended
                0x800002e4       0x58 /Users/putao/code/test/c/free-rtos-riscv/build/tasks.o
 .text.prvDeleteTCB
                0x8000033c       0x40 /Users/putao/code/test/c/free-rtos-riscv/build/tasks.o
 .text.prvCheckTasksWaitingTermination
                0x8000037c       0x74 /Users/putao/code/test/c/free-rtos-riscv/build/tasks.o
 .text.prvIdleTask
                0x800003f0        0x8 /Users/putao/code/test/c/free-rtos-riscv/build/tasks.o
 .text.prvInitialiseNewTask.constprop.0
                0x800003f8       0xbc /Users/putao/code/test/c/free-rtos-riscv/build/tasks.o
 .text.xTaskCreateStatic
                0x800004b4       0xa6 /Users/putao/code/test/c/free-rtos-riscv/build/tasks.o
                0x800004b4                xTaskCreateStatic
 .text.xTaskCreate
                0x8000055a       0x7a /Users/putao/code/test/c/free-rtos-riscv/build/tasks.o
                0x8000055a                xTaskCreate
 .text.vTaskDelete
                0x800005d4       0xf4 /Users/putao/code/test/c/free-rtos-riscv/build/tasks.o
                0x800005d4                vTaskDelete
 .text.eTaskGetState
                0x800006c8       0x98 /Users/putao/code/test/c/free-rtos-riscv/build/tasks.o
                0x800006c8                eTaskGetState
 .text.uxTaskPriorityGet
                0x80000760       0x1c /Users/putao/code/test/c/free-rtos-riscv/build/tasks.o
                0x80000760                uxTaskPriorityGet
 .text.vTaskPrioritySet
                0x8000077c      0x11c /Users/putao/code/test/c/free-rtos-riscv/build/tasks.o
                0x8000077c                vTaskPrioritySet
 .text.vTaskResume
                0x80000898       0xb0 /Users/putao/code/test/c/free-rtos-riscv/build/tasks.o
                0x80000898                vTaskResume
 .text.vTaskStartScheduler
                0x80000948       0x90 /Users/putao/code/test/c/free-rtos-riscv/build/tasks.o
                0x80000948                vTaskStartScheduler
 .text.vTaskSuspendAll
                0x800009d8        0xc /Users/putao/code/test/c/free-rtos-riscv/build/tasks.o
                0x800009d8                vTaskSuspendAll
 .text.xTaskGetTickCount
                0x800009e4        0x6 /Users/putao/code/test/c/free-rtos-riscv/build/tasks.o
                0x800009e4                xTaskGetTickCount
 .text.xTaskGetTickCountFromISR
                0x800009ea        0x6 /Users/putao/code/test/c/free-rtos-riscv/build/tasks.o
                0x800009ea                xTaskGetTickCountFromISR
 .text.uxTaskGetNumberOfTasks
                0x800009f0        0x6 /Users/putao/code/test/c/free-rtos-riscv/build/tasks.o
                0x800009f0                uxTaskGetNumberOfTasks
 .text.xTaskIncrementTick
                0x800009f6      0x16e /Users/putao/code/test/c/free-rtos-riscv/build/tasks.o
                0x800009f6                xTaskIncrementTick
 .text.xTaskResumeAll
                0x80000b64      0x13a /Users/putao/code/test/c/free-rtos-riscv/build/tasks.o
                0x80000b64                xTaskResumeAll
 .text.xTaskDelayUntil
                0x80000c9e       0x98 /Users/putao/code/test/c/free-rtos-riscv/build/tasks.o
                0x80000c9e                xTaskDelayUntil
 .text.vTaskDelay
                0x80000d36       0x46 /Users/putao/code/test/c/free-rtos-riscv/build/tasks.o
                0x80000d36                vTaskDelay
 .text.xTaskGetHandle
                0x80000d7c       0x96 /Users/putao/code/test/c/free-rtos-riscv/build/tasks.o
                0x80000d7c                xTaskGetHandle
 .text.xTaskCatchUpTicks
                0x80000e12       0x48 /Users/putao/code/test/c/free-rtos-riscv/build/tasks.o
                0x80000e12                xTaskCatchUpTicks
 .text.xTaskAbortDelay
                0x80000e5a       0xc8 /Users/putao/code/test/c/free-rtos-riscv/build/tasks.o
                0x80000e5a                xTaskAbortDelay
 .text.vTaskSwitchContext
                0x80000f22       0xc0 /Users/putao/code/test/c/free-rtos-riscv/build/tasks.o
                0x80000f22                vTaskSwitchContext
 .text.vTaskSuspend
                0x80000fe2      0x12e /Users/putao/code/test/c/free-rtos-riscv/build/tasks.o
                0x80000fe2                vTaskSuspend
 .text.vTaskPlaceOnEventList
                0x80001110       0x3c /Users/putao/code/test/c/free-rtos-riscv/build/tasks.o
                0x80001110                vTaskPlaceOnEventList
 .text.vTaskPlaceOnUnorderedEventList
                0x8000114c       0x86 /Users/putao/code/test/c/free-rtos-riscv/build/tasks.o
                0x8000114c                vTaskPlaceOnUnorderedEventList
 .text.vTaskPlaceOnEventListRestricted
                0x800011d2       0x68 /Users/putao/code/test/c/free-rtos-riscv/build/tasks.o
                0x800011d2                vTaskPlaceOnEventListRestricted
 .text.xTaskRemoveFromEventList
                0x8000123a       0xc2 /Users/putao/code/test/c/free-rtos-riscv/build/tasks.o
                0x8000123a                xTaskRemoveFromEventList
 .text.vTaskRemoveFromUnorderedEventList
                0x800012fc       0xc4 /Users/putao/code/test/c/free-rtos-riscv/build/tasks.o
                0x800012fc                vTaskRemoveFromUnorderedEventList
 .text.vTaskSetTimeOutState
                0x800013c0       0x46 /Users/putao/code/test/c/free-rtos-riscv/build/tasks.o
                0x800013c0                vTaskSetTimeOutState
 .text.vTaskInternalSetTimeOutState
                0x80001406        0xe /Users/putao/code/test/c/free-rtos-riscv/build/tasks.o
                0x80001406                vTaskInternalSetTimeOutState
 .text.xTaskCheckForTimeOut
                0x80001414       0xb2 /Users/putao/code/test/c/free-rtos-riscv/build/tasks.o
                0x80001414                xTaskCheckForTimeOut
 .text.vTaskMissedYield
                0x800014c6        0x8 /Users/putao/code/test/c/free-rtos-riscv/build/tasks.o
                0x800014c6                vTaskMissedYield
 .text.xTaskGetCurrentTaskHandle
                0x800014ce        0x6 /Users/putao/code/test/c/free-rtos-riscv/build/tasks.o
                0x800014ce                xTaskGetCurrentTaskHandle
 .text.xTaskGetSchedulerState
                0x800014d4       0x14 /Users/putao/code/test/c/free-rtos-riscv/build/tasks.o
                0x800014d4                xTaskGetSchedulerState
 .text.xTaskPriorityInherit
                0x800014e8       0xca /Users/putao/code/test/c/free-rtos-riscv/build/tasks.o
                0x800014e8                xTaskPriorityInherit
 .text.xTaskPriorityDisinherit
                0x800015b2       0xbc /Users/putao/code/test/c/free-rtos-riscv/build/tasks.o
                0x800015b2                xTaskPriorityDisinherit
 .text.vTaskPriorityDisinheritAfterTimeout
                0x8000166e       0xde /Users/putao/code/test/c/free-rtos-riscv/build/tasks.o
                0x8000166e                vTaskPriorityDisinheritAfterTimeout
 .text.uxTaskResetEventItemValue
                0x8000174c       0x18 /Users/putao/code/test/c/free-rtos-riscv/build/tasks.o
                0x8000174c                uxTaskResetEventItemValue
 .text.pvTaskIncrementMutexHeldCount
                0x80001764        0xe /Users/putao/code/test/c/free-rtos-riscv/build/tasks.o
                0x80001764                pvTaskIncrementMutexHeldCount
 .text.ulTaskGenericNotifyTake
                0x80001772       0xd6 /Users/putao/code/test/c/free-rtos-riscv/build/tasks.o
                0x80001772                ulTaskGenericNotifyTake
 .text.xTaskGenericNotifyWait
                0x80001848      0x120 /Users/putao/code/test/c/free-rtos-riscv/build/tasks.o
                0x80001848                xTaskGenericNotifyWait
 .text.xTaskGenericNotify
                0x80001968      0x176 /Users/putao/code/test/c/free-rtos-riscv/build/tasks.o
                0x80001968                xTaskGenericNotify
 .text.xTaskGenericNotifyFromISR
                0x80001ade      0x190 /Users/putao/code/test/c/free-rtos-riscv/build/tasks.o
                0x80001ade                xTaskGenericNotifyFromISR
 .text.vTaskGenericNotifyGiveFromISR
                0x80001c6e      0x100 /Users/putao/code/test/c/free-rtos-riscv/build/tasks.o
                0x80001c6e                vTaskGenericNotifyGiveFromISR
 .text.xTaskGenericNotifyStateClear
                0x80001d6e       0x5a /Users/putao/code/test/c/free-rtos-riscv/build/tasks.o
                0x80001d6e                xTaskGenericNotifyStateClear
 .text.ulTaskGenericNotifyValueClear
                0x80001dc8       0x5c /Users/putao/code/test/c/free-rtos-riscv/build/tasks.o
                0x80001dc8                ulTaskGenericNotifyValueClear
 .text.vListInitialise
                0x80001e24       0x14 /Users/putao/code/test/c/free-rtos-riscv/build/list.o
                0x80001e24                vListInitialise
 .text.vListInitialiseItem
                0x80001e38        0x6 /Users/putao/code/test/c/free-rtos-riscv/build/list.o
                0x80001e38                vListInitialiseItem
 .text.vListInsertEnd
                0x80001e3e       0x16 /Users/putao/code/test/c/free-rtos-riscv/build/list.o
                0x80001e3e                vListInsertEnd
 .text.vListInsert
                0x80001e54       0x2e /Users/putao/code/test/c/free-rtos-riscv/build/list.o
                0x80001e54                vListInsert
 .text.uxListRemove
                0x80001e82       0x1e /Users/putao/code/test/c/free-rtos-riscv/build/list.o
                0x80001e82                uxListRemove
 .text.prvIsQueueEmpty
                0x80001ea0       0x1a /Users/putao/code/test/c/free-rtos-riscv/build/queue.o
 .text.prvCopyDataToQueue
                0x80001eba       0x80 /Users/putao/code/test/c/free-rtos-riscv/build/queue.o
 .text.prvCopyDataFromQueue
                0x80001f3a       0x20 /Users/putao/code/test/c/free-rtos-riscv/build/queue.o
 .text.prvNotifyQueueSetContainer
                0x80001f5a       0xac /Users/putao/code/test/c/free-rtos-riscv/build/queue.o
 .text.prvUnlockQueue
                0x80002006       0xce /Users/putao/code/test/c/free-rtos-riscv/build/queue.o
 .text.xQueueGenericReset
                0x800020d4       0xb4 /Users/putao/code/test/c/free-rtos-riscv/build/queue.o
                0x800020d4                xQueueGenericReset
 .text.xQueueGenericCreateStatic
                0x80002188       0x9a /Users/putao/code/test/c/free-rtos-riscv/build/queue.o
                0x80002188                xQueueGenericCreateStatic
 .text.xQueueGenericCreate
                0x80002222       0x78 /Users/putao/code/test/c/free-rtos-riscv/build/queue.o
                0x80002222                xQueueGenericCreate
 .text.xQueueGetMutexHolder
                0x8000229a       0x3c /Users/putao/code/test/c/free-rtos-riscv/build/queue.o
                0x8000229a                xQueueGetMutexHolder
 .text.xQueueGetMutexHolderFromISR
                0x800022d6       0x2a /Users/putao/code/test/c/free-rtos-riscv/build/queue.o
                0x800022d6                xQueueGetMutexHolderFromISR
 .text.xQueueCreateCountingSemaphoreStatic
                0x80002300       0x38 /Users/putao/code/test/c/free-rtos-riscv/build/queue.o
                0x80002300                xQueueCreateCountingSemaphoreStatic
 .text.xQueueCreateCountingSemaphore
                0x80002338       0x34 /Users/putao/code/test/c/free-rtos-riscv/build/queue.o
                0x80002338                xQueueCreateCountingSemaphore
 .text.xQueueGenericSend
                0x8000236c      0x1b2 /Users/putao/code/test/c/free-rtos-riscv/build/queue.o
                0x8000236c                xQueueGenericSend
 .text.xQueueCreateMutexStatic
                0x8000251e       0x38 /Users/putao/code/test/c/free-rtos-riscv/build/queue.o
                0x8000251e                xQueueCreateMutexStatic
 .text.xQueueGiveMutexRecursive
                0x80002556       0x4c /Users/putao/code/test/c/free-rtos-riscv/build/queue.o
                0x80002556                xQueueGiveMutexRecursive
 .text.xQueueCreateMutex
                0x800025a2       0x34 /Users/putao/code/test/c/free-rtos-riscv/build/queue.o
                0x800025a2                xQueueCreateMutex
 .text.xQueueGenericSendFromISR
                0x800025d6       0xfa /Users/putao/code/test/c/free-rtos-riscv/build/queue.o
                0x800025d6                xQueueGenericSendFromISR
 .text.xQueueGiveFromISR
                0x800026d0       0xc8 /Users/putao/code/test/c/free-rtos-riscv/build/queue.o
                0x800026d0                xQueueGiveFromISR
 .text.xQueueReceive
                0x80002798      0x16c /Users/putao/code/test/c/free-rtos-riscv/build/queue.o
                0x80002798                xQueueReceive
 .text.xQueueSemaphoreTake
                0x80002904      0x1be /Users/putao/code/test/c/free-rtos-riscv/build/queue.o
                0x80002904                xQueueSemaphoreTake
 .text.xQueueTakeMutexRecursive
                0x80002ac2       0x52 /Users/putao/code/test/c/free-rtos-riscv/build/queue.o
                0x80002ac2                xQueueTakeMutexRecursive
 .text.xQueuePeek
                0x80002b14      0x166 /Users/putao/code/test/c/free-rtos-riscv/build/queue.o
                0x80002b14                xQueuePeek
 .text.xQueueReceiveFromISR
                0x80002c7a       0xbc /Users/putao/code/test/c/free-rtos-riscv/build/queue.o
                0x80002c7a                xQueueReceiveFromISR
 .text.xQueuePeekFromISR
                0x80002d36       0x76 /Users/putao/code/test/c/free-rtos-riscv/build/queue.o
                0x80002d36                xQueuePeekFromISR
 .text.uxQueueMessagesWaiting
                0x80002dac       0x38 /Users/putao/code/test/c/free-rtos-riscv/build/queue.o
                0x80002dac                uxQueueMessagesWaiting
 .text.uxQueueSpacesAvailable
                0x80002de4       0x3c /Users/putao/code/test/c/free-rtos-riscv/build/queue.o
                0x80002de4                uxQueueSpacesAvailable
 .text.vQueueAddToRegistry
                0x80002e20       0x5e /Users/putao/code/test/c/free-rtos-riscv/build/queue.o
                0x80002e20                vQueueAddToRegistry
 .text.vQueueUnregisterQueue
                0x80002e7e       0x4c /Users/putao/code/test/c/free-rtos-riscv/build/queue.o
                0x80002e7e                vQueueUnregisterQueue
 .text.vQueueDelete
                0x80002eca       0x3c /Users/putao/code/test/c/free-rtos-riscv/build/queue.o
                0x80002eca                vQueueDelete
 .text.vQueueWaitForMessageRestricted
                0x80002f06       0x56 /Users/putao/code/test/c/free-rtos-riscv/build/queue.o
                0x80002f06                vQueueWaitForMessageRestricted
 .text.xQueueCreateSet
                0x80002f5c        0x8 /Users/putao/code/test/c/free-rtos-riscv/build/queue.o
                0x80002f5c                xQueueCreateSet
 .text.xQueueAddToSet
                0x80002f64       0x24 /Users/putao/code/test/c/free-rtos-riscv/build/queue.o
                0x80002f64                xQueueAddToSet
 .text.xQueueRemoveFromSet
                0x80002f88       0x2c /Users/putao/code/test/c/free-rtos-riscv/build/queue.o
                0x80002f88                xQueueRemoveFromSet
 .text.xQueueSelectFromSet
                0x80002fb4       0x16 /Users/putao/code/test/c/free-rtos-riscv/build/queue.o
                0x80002fb4                xQueueSelectFromSet
 .text.xQueueSelectFromSetFromISR
                0x80002fca       0x16 /Users/putao/code/test/c/free-rtos-riscv/build/queue.o
                0x80002fca                xQueueSelectFromSetFromISR
 .text.prvInsertTimerInActiveList
                0x80002fe0       0x40 /Users/putao/code/test/c/free-rtos-riscv/build/timers.o
 .text.prvReloadTimer
                0x80003020       0x38 /Users/putao/code/test/c/free-rtos-riscv/build/timers.o
 .text.prvProcessExpiredTimer
                0x80003058       0x46 /Users/putao/code/test/c/free-rtos-riscv/build/timers.o
 .text.prvSampleTimeNow
                0x8000309e       0x58 /Users/putao/code/test/c/free-rtos-riscv/build/timers.o
 .text.prvTimerTask
                0x800030f6      0x158 /Users/putao/code/test/c/free-rtos-riscv/build/timers.o
 .text.prvCheckForValidListAndQueue
                0x8000324e       0x86 /Users/putao/code/test/c/free-rtos-riscv/build/timers.o
 .text.xTimerCreateTimerTask
                0x800032d4       0x5c /Users/putao/code/test/c/free-rtos-riscv/build/timers.o
                0x800032d4                xTimerCreateTimerTask
 .text.xTimerCreate
                0x80003330       0x7a /Users/putao/code/test/c/free-rtos-riscv/build/timers.o
                0x80003330                xTimerCreate
 .text.xTimerCreateStatic
                0x800033aa       0xa4 /Users/putao/code/test/c/free-rtos-riscv/build/timers.o
                0x800033aa                xTimerCreateStatic
 .text.xTimerGenericCommandFromTask
                0x8000344e       0x7c /Users/putao/code/test/c/free-rtos-riscv/build/timers.o
                0x8000344e                xTimerGenericCommandFromTask
 .text.xTimerGenericCommandFromISR
                0x800034ca       0x64 /Users/putao/code/test/c/free-rtos-riscv/build/timers.o
                0x800034ca                xTimerGenericCommandFromISR
 .text.vTimerSetReloadMode
                0x8000352e       0x4c /Users/putao/code/test/c/free-rtos-riscv/build/timers.o
                0x8000352e                vTimerSetReloadMode
 .text.xTimerGetReloadMode
                0x8000357a       0x3c /Users/putao/code/test/c/free-rtos-riscv/build/timers.o
                0x8000357a                xTimerGetReloadMode
 .text.uxTimerGetReloadMode
                0x800035b6        0x4 /Users/putao/code/test/c/free-rtos-riscv/build/timers.o
                0x800035b6                uxTimerGetReloadMode
 .text.pcTimerGetName
                0x800035ba       0x24 /Users/putao/code/test/c/free-rtos-riscv/build/timers.o
                0x800035ba                pcTimerGetName
 .text.xTimerIsTimerActive
                0x800035de       0x3a /Users/putao/code/test/c/free-rtos-riscv/build/timers.o
                0x800035de                xTimerIsTimerActive
 .text.pvTimerGetTimerID
                0x80003618       0x36 /Users/putao/code/test/c/free-rtos-riscv/build/timers.o
                0x80003618                pvTimerGetTimerID
 .text.vTimerSetTimerID
                0x8000364e       0x3c /Users/putao/code/test/c/free-rtos-riscv/build/timers.o
                0x8000364e                vTimerSetTimerID
 .text.xTimerPendFunctionCallFromISR
                0x8000368a       0x24 /Users/putao/code/test/c/free-rtos-riscv/build/timers.o
                0x8000368a                xTimerPendFunctionCallFromISR
 .text.xEventGroupCreateStatic
                0x800036ae       0x54 /Users/putao/code/test/c/free-rtos-riscv/build/event_groups.o
                0x800036ae                xEventGroupCreateStatic
 .text.xEventGroupCreate
                0x80003702       0x2a /Users/putao/code/test/c/free-rtos-riscv/build/event_groups.o
                0x80003702                xEventGroupCreate
 .text.xEventGroupWaitBits
                0x8000372c      0x11a /Users/putao/code/test/c/free-rtos-riscv/build/event_groups.o
                0x8000372c                xEventGroupWaitBits
 .text.xEventGroupClearBits
                0x80003846       0x60 /Users/putao/code/test/c/free-rtos-riscv/build/event_groups.o
                0x80003846                xEventGroupClearBits
 .text.vEventGroupClearBitsCallback
                0x800038a6        0x4 /Users/putao/code/test/c/free-rtos-riscv/build/event_groups.o
                0x800038a6                vEventGroupClearBitsCallback
 .text.xEventGroupClearBitsFromISR
                0x800038aa       0x12 /Users/putao/code/test/c/free-rtos-riscv/build/event_groups.o
                0x800038aa                xEventGroupClearBitsFromISR
 .text.xEventGroupGetBitsFromISR
                0x800038bc        0x4 /Users/putao/code/test/c/free-rtos-riscv/build/event_groups.o
                0x800038bc                xEventGroupGetBitsFromISR
 .text.xEventGroupSetBits
                0x800038c0       0xb4 /Users/putao/code/test/c/free-rtos-riscv/build/event_groups.o
                0x800038c0                xEventGroupSetBits
 .text.xEventGroupSync
                0x80003974       0xf6 /Users/putao/code/test/c/free-rtos-riscv/build/event_groups.o
                0x80003974                xEventGroupSync
 .text.vEventGroupSetBitsCallback
                0x80003a6a        0x4 /Users/putao/code/test/c/free-rtos-riscv/build/event_groups.o
                0x80003a6a                vEventGroupSetBitsCallback
 .text.vEventGroupDelete
                0x80003a6e       0x72 /Users/putao/code/test/c/free-rtos-riscv/build/event_groups.o
                0x80003a6e                vEventGroupDelete
 .text.xEventGroupSetBitsFromISR
                0x80003ae0       0x12 /Users/putao/code/test/c/free-rtos-riscv/build/event_groups.o
                0x80003ae0                xEventGroupSetBitsFromISR
 .text.prvBytesInBuffer
                0x80003af2       0x14 /Users/putao/code/test/c/free-rtos-riscv/build/stream_buffer.o
 .text.prvWriteBytesToBuffer
                0x80003b06       0xa0 /Users/putao/code/test/c/free-rtos-riscv/build/stream_buffer.o
 .text.prvWriteMessageToBuffer
                0x80003ba6       0x54 /Users/putao/code/test/c/free-rtos-riscv/build/stream_buffer.o
 .text.prvReadBytesFromBuffer
                0x80003bfa       0x8e /Users/putao/code/test/c/free-rtos-riscv/build/stream_buffer.o
 .text.prvReadMessageFromBuffer
                0x80003c88       0x5c /Users/putao/code/test/c/free-rtos-riscv/build/stream_buffer.o
 .text.prvInitialiseNewStreamBuffer.isra.0
                0x80003ce4       0x60 /Users/putao/code/test/c/free-rtos-riscv/build/stream_buffer.o
 .text.xStreamBufferGenericCreate
                0x80003d44       0x96 /Users/putao/code/test/c/free-rtos-riscv/build/stream_buffer.o
                0x80003d44                xStreamBufferGenericCreate
 .text.xStreamBufferGenericCreateStatic
                0x80003dda       0xe8 /Users/putao/code/test/c/free-rtos-riscv/build/stream_buffer.o
                0x80003dda                xStreamBufferGenericCreateStatic
 .text.vStreamBufferDelete
                0x80003ec2       0x40 /Users/putao/code/test/c/free-rtos-riscv/build/stream_buffer.o
                0x80003ec2                vStreamBufferDelete
 .text.xStreamBufferReset
                0x80003f02       0x70 /Users/putao/code/test/c/free-rtos-riscv/build/stream_buffer.o
                0x80003f02                xStreamBufferReset
 .text.xStreamBufferSpacesAvailable
                0x80003f72       0x3c /Users/putao/code/test/c/free-rtos-riscv/build/stream_buffer.o
                0x80003f72                xStreamBufferSpacesAvailable
 .text.xStreamBufferBytesAvailable
                0x80003fae       0x26 /Users/putao/code/test/c/free-rtos-riscv/build/stream_buffer.o
                0x80003fae                xStreamBufferBytesAvailable
 .text.xStreamBufferSend
                0x80003fd4      0x15a /Users/putao/code/test/c/free-rtos-riscv/build/stream_buffer.o
                0x80003fd4                xStreamBufferSend
 .text.xStreamBufferSendFromISR
                0x8000412e       0x94 /Users/putao/code/test/c/free-rtos-riscv/build/stream_buffer.o
                0x8000412e                xStreamBufferSendFromISR
 .text.xStreamBufferReceive
                0x800041c2      0x112 /Users/putao/code/test/c/free-rtos-riscv/build/stream_buffer.o
                0x800041c2                xStreamBufferReceive
 .text.xStreamBufferNextMessageLengthBytes
                0x800042d4       0x5c /Users/putao/code/test/c/free-rtos-riscv/build/stream_buffer.o
                0x800042d4                xStreamBufferNextMessageLengthBytes
 .text.xStreamBufferReceiveFromISR
                0x80004330       0x8a /Users/putao/code/test/c/free-rtos-riscv/build/stream_buffer.o
                0x80004330                xStreamBufferReceiveFromISR
 .text.xStreamBufferIsEmpty
                0x800043ba       0x2c /Users/putao/code/test/c/free-rtos-riscv/build/stream_buffer.o
                0x800043ba                xStreamBufferIsEmpty
 .text.xStreamBufferIsFull
                0x800043e6       0x3c /Users/putao/code/test/c/free-rtos-riscv/build/stream_buffer.o
                0x800043e6                xStreamBufferIsFull
 .text.pvPortMalloc
                0x80004422      0x1fa /Users/putao/code/test/c/free-rtos-riscv/build/heap_4.o
                0x80004422                pvPortMalloc
 .text.vPortFree
                0x8000461c      0x134 /Users/putao/code/test/c/free-rtos-riscv/build/heap_4.o
                0x8000461c                vPortFree
 .text.vPortSetupTimerInterrupt
                0x80004750       0x5e /Users/putao/code/test/c/free-rtos-riscv/build/port.o
                0x80004750                vPortSetupTimerInterrupt
 .text.xPortStartScheduler
                0x800047ae       0x32 /Users/putao/code/test/c/free-rtos-riscv/build/port.o
                0x800047ae                xPortStartScheduler
 .text.prvCheckExpectedTimeIsWithinAnAcceptableMargin
                0x800047e0       0x36 /Users/putao/code/test/c/free-rtos-riscv/build/AbortDelay.o
 .text.prvBlockingTask
                0x80004816      0x484 /Users/putao/code/test/c/free-rtos-riscv/build/AbortDelay.o
 .text.prvControllingTask
                0x80004c9a       0xa0 /Users/putao/code/test/c/free-rtos-riscv/build/AbortDelay.o
 .text.vCreateAbortDelayTasks
                0x80004d3a       0x44 /Users/putao/code/test/c/free-rtos-riscv/build/AbortDelay.o
                0x80004d3a                vCreateAbortDelayTasks
 .text.xAreAbortDelayTestTasksStillRunning
                0x80004d7e       0x38 /Users/putao/code/test/c/free-rtos-riscv/build/AbortDelay.o
                0x80004d7e                xAreAbortDelayTestTasksStillRunning
 .text.vSecondaryBlockTimeTestTask
                0x80004db6       0xca /Users/putao/code/test/c/free-rtos-riscv/build/blocktim.o
 .text.vPrimaryBlockTimeTestTask
                0x80004e80      0x3a8 /Users/putao/code/test/c/free-rtos-riscv/build/blocktim.o
 .text.vCreateBlockTimeTasks
                0x80005228       0x68 /Users/putao/code/test/c/free-rtos-riscv/build/blocktim.o
                0x80005228                vCreateBlockTimeTasks
 .text.xAreBlockTimeTestTasksStillRunning
                0x80005290       0x38 /Users/putao/code/test/c/free-rtos-riscv/build/blocktim.o
                0x80005290                xAreBlockTimeTestTasksStillRunning
 .text.prvDecrementSemaphoreCount
                0x800052c8       0xa8 /Users/putao/code/test/c/free-rtos-riscv/build/countsem.o
 .text.prvCountingSemaphoreTask
                0x80005370       0xb6 /Users/putao/code/test/c/free-rtos-riscv/build/countsem.o
 .text.vStartCountingSemaphoreTasks
                0x80005426       0xb0 /Users/putao/code/test/c/free-rtos-riscv/build/countsem.o
                0x80005426                vStartCountingSemaphoreTasks
 .text.xAreCountingSemaphoreTasksStillRunning
                0x800054d6       0x3c /Users/putao/code/test/c/free-rtos-riscv/build/countsem.o
                0x800054d6                xAreCountingSemaphoreTasksStillRunning
 .text.vCreateTasks
                0x80005512       0x80 /Users/putao/code/test/c/free-rtos-riscv/build/death.o
 .text.vSuicidalTask
                0x80005592       0x42 /Users/putao/code/test/c/free-rtos-riscv/build/death.o
 .text.vCreateSuicidalTasks
                0x800055d4       0x1e /Users/putao/code/test/c/free-rtos-riscv/build/death.o
                0x800055d4                vCreateSuicidalTasks
 .text.xIsCreateTaskStillRunning
                0x800055f2       0x44 /Users/putao/code/test/c/free-rtos-riscv/build/death.o
                0x800055f2                xIsCreateTaskStillRunning
 .text.vQueueReceiveWhenSuspendedTask
                0x80005636       0x5c /Users/putao/code/test/c/free-rtos-riscv/build/dynamic.o
 .text.vQueueSendWhenSuspendedTask
                0x80005692       0x46 /Users/putao/code/test/c/free-rtos-riscv/build/dynamic.o
 .text.vLimitedIncrementTask
                0x800056d8       0x28 /Users/putao/code/test/c/free-rtos-riscv/build/dynamic.o
 .text.vCounterControlTask
                0x80005700      0x116 /Users/putao/code/test/c/free-rtos-riscv/build/dynamic.o
 .text.vContinuousIncrementTask
                0x80005816       0x62 /Users/putao/code/test/c/free-rtos-riscv/build/dynamic.o
 .text.vStartDynamicPriorityTasks
                0x80005878       0xce /Users/putao/code/test/c/free-rtos-riscv/build/dynamic.o
                0x80005878                vStartDynamicPriorityTasks
 .text.xAreDynamicPriorityTasksStillRunning
                0x80005946       0x48 /Users/putao/code/test/c/free-rtos-riscv/build/dynamic.o
                0x80005946                xAreDynamicPriorityTasksStillRunning
 .text.prvSyncTask
                0x8000598e       0xca /Users/putao/code/test/c/free-rtos-riscv/build/EventGroupsDemo.o
 .text.prvTestSlaveTask
                0x80005a58      0x11a /Users/putao/code/test/c/free-rtos-riscv/build/EventGroupsDemo.o
 .text.prvTestMasterTask
                0x80005b72      0x442 /Users/putao/code/test/c/free-rtos-riscv/build/EventGroupsDemo.o
 .text.vStartEventGroupTasks
                0x80005fb4       0xba /Users/putao/code/test/c/free-rtos-riscv/build/EventGroupsDemo.o
                0x80005fb4                vStartEventGroupTasks
 .text.vPeriodicEventGroupsProcessing
                0x8000606e       0xa4 /Users/putao/code/test/c/free-rtos-riscv/build/EventGroupsDemo.o
                0x8000606e                vPeriodicEventGroupsProcessing
 .text.xAreEventGroupTasksStillRunning
                0x80006112       0x44 /Users/putao/code/test/c/free-rtos-riscv/build/EventGroupsDemo.o
                0x80006112                xAreEventGroupTasksStillRunning
 .text.prvMediumPriorityMutexTask
                0x80006156       0x18 /Users/putao/code/test/c/free-rtos-riscv/build/GenQTest.o
 .text.prvHighPriorityMutexTask
                0x8000616e       0x4e /Users/putao/code/test/c/free-rtos-riscv/build/GenQTest.o
 .text.prvLowPriorityMutexTask
                0x800061bc      0x3c2 /Users/putao/code/test/c/free-rtos-riscv/build/GenQTest.o
 .text.prvSendFrontAndBackTest
                0x8000657e      0x292 /Users/putao/code/test/c/free-rtos-riscv/build/GenQTest.o
 .text.vStartGenericQueueTasks
                0x80006810       0xe4 /Users/putao/code/test/c/free-rtos-riscv/build/GenQTest.o
                0x80006810                vStartGenericQueueTasks
 .text.xAreGenericQueueTasksStillRunning
                0x800068f4       0x3e /Users/putao/code/test/c/free-rtos-riscv/build/GenQTest.o
                0x800068f4                xAreGenericQueueTasksStillRunning
 .text.vInterruptCountingSemaphoreTask
                0x80006932       0xc6 /Users/putao/code/test/c/free-rtos-riscv/build/IntSemTest.o
 .text.vInterruptMutexMasterTask
                0x800069f8      0x2a0 /Users/putao/code/test/c/free-rtos-riscv/build/IntSemTest.o
 .text.vInterruptMutexSlaveTask
                0x80006c98       0x48 /Users/putao/code/test/c/free-rtos-riscv/build/IntSemTest.o
 .text.vStartInterruptSemaphoreTasks
                0x80006ce0       0xba /Users/putao/code/test/c/free-rtos-riscv/build/IntSemTest.o
                0x80006ce0                vStartInterruptSemaphoreTasks
 .text.vInterruptSemaphorePeriodicTest
                0x80006d9a       0x84 /Users/putao/code/test/c/free-rtos-riscv/build/IntSemTest.o
                0x80006d9a                vInterruptSemaphorePeriodicTest
 .text.xAreInterruptSemaphoreTasksStillRunning
                0x80006e1e       0x4a /Users/putao/code/test/c/free-rtos-riscv/build/IntSemTest.o
                0x80006e1e                xAreInterruptSemaphoreTasksStillRunning
 .text.prvCoreBTasks
                0x80006e68       0x9a /Users/putao/code/test/c/free-rtos-riscv/build/MessageBufferAMP.o
 .text.prvCoreATask
                0x80006f02       0x50 /Users/putao/code/test/c/free-rtos-riscv/build/MessageBufferAMP.o
 .text.vStartMessageBufferAMPTasks
                0x80006f52       0x9e /Users/putao/code/test/c/free-rtos-riscv/build/MessageBufferAMP.o
                0x80006f52                vStartMessageBufferAMPTasks
 .text.xAreMessageBufferAMPTasksStillRunning
                0x80006ff0       0x36 /Users/putao/code/test/c/free-rtos-riscv/build/MessageBufferAMP.o
                0x80006ff0                xAreMessageBufferAMPTasksStillRunning
 .text.prvSpaceAvailableCoherenceTester
                0x80007026       0x48 /Users/putao/code/test/c/free-rtos-riscv/build/MessageBufferDemo.o
 .text.prvSpaceAvailableCoherenceActor
                0x8000706e       0x6c /Users/putao/code/test/c/free-rtos-riscv/build/MessageBufferDemo.o
 .text.prvReceiverTask
                0x800070da       0x58 /Users/putao/code/test/c/free-rtos-riscv/build/MessageBufferDemo.o
 .text.prvNonBlockingSenderTask
                0x80007132       0x6e /Users/putao/code/test/c/free-rtos-riscv/build/MessageBufferDemo.o
 .text.prvNonBlockingReceiverTask
                0x800071a0       0x9e /Users/putao/code/test/c/free-rtos-riscv/build/MessageBufferDemo.o
 .text.prvEchoClient
                0x8000723e       0xf8 /Users/putao/code/test/c/free-rtos-riscv/build/MessageBufferDemo.o
 .text.prvSingleTaskTests
                0x80007336      0x55e /Users/putao/code/test/c/free-rtos-riscv/build/MessageBufferDemo.o
 .text.prvSenderTask
                0x80007894      0x108 /Users/putao/code/test/c/free-rtos-riscv/build/MessageBufferDemo.o
 .text.prvEchoServer
                0x8000799c      0x140 /Users/putao/code/test/c/free-rtos-riscv/build/MessageBufferDemo.o
 .text.vStartMessageBufferTasks
                0x80007adc      0x136 /Users/putao/code/test/c/free-rtos-riscv/build/MessageBufferDemo.o
                0x80007adc                vStartMessageBufferTasks
 .text.xAreMessageBufferTasksStillRunning
                0x80007c12       0x82 /Users/putao/code/test/c/free-rtos-riscv/build/MessageBufferDemo.o
                0x80007c12                xAreMessageBufferTasksStillRunning
 .text.vPolledQueueProducer
                0x80007c94       0x6a /Users/putao/code/test/c/free-rtos-riscv/build/PollQ.o
 .text.vPolledQueueConsumer
                0x80007cfe       0x70 /Users/putao/code/test/c/free-rtos-riscv/build/PollQ.o
 .text.vStartPolledQueueTasks
                0x80007d6e       0x78 /Users/putao/code/test/c/free-rtos-riscv/build/PollQ.o
                0x80007d6e                vStartPolledQueueTasks
 .text.xArePollingQueuesStillRunning
                0x80007de6       0x18 /Users/putao/code/test/c/free-rtos-riscv/build/PollQ.o
                0x80007de6                xArePollingQueuesStillRunning
 .text.prvHighestPriorityPeekTask
                0x80007dfe       0xcc /Users/putao/code/test/c/free-rtos-riscv/build/QPeek.o
 .text.prvHighPriorityPeekTask
                0x80007eca       0x7a /Users/putao/code/test/c/free-rtos-riscv/build/QPeek.o
 .text.prvMediumPriorityPeekTask
                0x80007f44       0x5a /Users/putao/code/test/c/free-rtos-riscv/build/QPeek.o
 .text.prvLowPriorityPeekTask
                0x80007f9e       0xe6 /Users/putao/code/test/c/free-rtos-riscv/build/QPeek.o
 .text.vStartQueuePeekTasks
                0x80008084       0xac /Users/putao/code/test/c/free-rtos-riscv/build/QPeek.o
                0x80008084                vStartQueuePeekTasks
 .text.xAreQueuePeekTasksStillRunning
                0x80008130       0x24 /Users/putao/code/test/c/free-rtos-riscv/build/QPeek.o
                0x80008130                xAreQueuePeekTasksStillRunning
 .text.prvQueueOverwriteTask
                0x80008154       0xb6 /Users/putao/code/test/c/free-rtos-riscv/build/QueueOverwrite.o
 .text.vStartQueueOverwriteTask
                0x8000820a       0x36 /Users/putao/code/test/c/free-rtos-riscv/build/QueueOverwrite.o
                0x8000820a                vStartQueueOverwriteTask
 .text.xIsQueueOverwriteTaskStillRunning
                0x80008240       0x1a /Users/putao/code/test/c/free-rtos-riscv/build/QueueOverwrite.o
                0x80008240                xIsQueueOverwriteTaskStillRunning
 .text.vQueueOverwritePeriodicISRDemo
                0x8000825a       0x9a /Users/putao/code/test/c/free-rtos-riscv/build/QueueOverwrite.o
                0x8000825a                vQueueOverwritePeriodicISRDemo
 .text.prvCheckReceivedValueWithinExpectedRange
                0x800082f4       0x3c /Users/putao/code/test/c/free-rtos-riscv/build/QueueSet.o
 .text.prvCheckReceivedValue
                0x80008330       0xb6 /Users/putao/code/test/c/free-rtos-riscv/build/QueueSet.o
 .text.prvQueueSetReceivingTask
                0x800083e6      0x632 /Users/putao/code/test/c/free-rtos-riscv/build/QueueSet.o
 .text.prvQueueSetSendingTask
                0x80008a18      0x104 /Users/putao/code/test/c/free-rtos-riscv/build/QueueSet.o
 .text.vStartQueueSetTasks
                0x80008b1c       0x60 /Users/putao/code/test/c/free-rtos-riscv/build/QueueSet.o
                0x80008b1c                vStartQueueSetTasks
 .text.xAreQueueSetTasksStillRunning
                0x80008b7c       0x6a /Users/putao/code/test/c/free-rtos-riscv/build/QueueSet.o
                0x80008b7c                xAreQueueSetTasksStillRunning
 .text.vQueueSetAccessQueueSetFromISR
                0x80008be6       0xaa /Users/putao/code/test/c/free-rtos-riscv/build/QueueSet.o
                0x80008be6                vQueueSetAccessQueueSetFromISR
 .text.prvQueueSetReceivingTask
                0x80008c90       0x50 /Users/putao/code/test/c/free-rtos-riscv/build/QueueSetPolling.o
 .text.vStartQueueSetPollingTask
                0x80008ce0       0x58 /Users/putao/code/test/c/free-rtos-riscv/build/QueueSetPolling.o
                0x80008ce0                vStartQueueSetPollingTask
 .text.vQueueSetPollingInterruptAccess
                0x80008d38       0x46 /Users/putao/code/test/c/free-rtos-riscv/build/QueueSetPolling.o
                0x80008d38                vQueueSetPollingInterruptAccess
 .text.xAreQueueSetPollTasksStillRunning
                0x80008d7e       0x1a /Users/putao/code/test/c/free-rtos-riscv/build/QueueSetPolling.o
                0x80008d7e                xAreQueueSetPollTasksStillRunning
 .text.prvRecursiveMutexPollingTask
                0x80008d98      0x126 /Users/putao/code/test/c/free-rtos-riscv/build/recmutex.o
 .text.prvRecursiveMutexBlockingTask
                0x80008ebe       0x84 /Users/putao/code/test/c/free-rtos-riscv/build/recmutex.o
 .text.prvRecursiveMutexControllingTask
                0x80008f42       0xa4 /Users/putao/code/test/c/free-rtos-riscv/build/recmutex.o
 .text.vStartRecursiveMutexTasks
                0x80008fe6       0x84 /Users/putao/code/test/c/free-rtos-riscv/build/recmutex.o
                0x80008fe6                vStartRecursiveMutexTasks
 .text.xAreRecursiveMutexTasksStillRunning
                0x8000906a       0x64 /Users/putao/code/test/c/free-rtos-riscv/build/recmutex.o
                0x8000906a                xAreRecursiveMutexTasksStillRunning
 .text.prvSemaphoreTest
                0x800090ce       0xd8 /Users/putao/code/test/c/free-rtos-riscv/build/semtest.o
 .text.vStartSemaphoreTasks
                0x800091a6      0x118 /Users/putao/code/test/c/free-rtos-riscv/build/semtest.o
                0x800091a6                vStartSemaphoreTasks
 .text.xAreSemaphoreTasksStillRunning
                0x800092be       0x38 /Users/putao/code/test/c/free-rtos-riscv/build/semtest.o
                0x800092be                xAreSemaphoreTasksStillRunning
 .text.prvGetNextDelayTime
                0x800092f6       0x58 /Users/putao/code/test/c/free-rtos-riscv/build/StaticAllocation.o
 .text.prvStaticallyAllocatedTask
                0x8000934e        0x6 /Users/putao/code/test/c/free-rtos-riscv/build/StaticAllocation.o
 .text.prvSanityCheckCreatedQueue
                0x80009354       0xec /Users/putao/code/test/c/free-rtos-riscv/build/StaticAllocation.o
 .text.prvSanityCheckCreatedSemaphore
                0x80009440      0x122 /Users/putao/code/test/c/free-rtos-riscv/build/StaticAllocation.o
 .text.prvSanityCheckCreatedRecursiveMutex
                0x80009562       0x74 /Users/putao/code/test/c/free-rtos-riscv/build/StaticAllocation.o
 .text.prvSanityCheckCreatedEventGroup
                0x800095d6       0x86 /Users/putao/code/test/c/free-rtos-riscv/build/StaticAllocation.o
 .text.prvStaticallyAllocatedCreator
                0x8000965c      0x470 /Users/putao/code/test/c/free-rtos-riscv/build/StaticAllocation.o
 .text.prvTimerCallback
                0x80009acc       0x3c /Users/putao/code/test/c/free-rtos-riscv/build/StaticAllocation.o
 .text.vStartStaticallyAllocatedTasks
                0x80009b08       0x2c /Users/putao/code/test/c/free-rtos-riscv/build/StaticAllocation.o
                0x80009b08                vStartStaticallyAllocatedTasks
 .text.xAreStaticAllocationTasksStillRunning
                0x80009b34       0x28 /Users/putao/code/test/c/free-rtos-riscv/build/StaticAllocation.o
                0x80009b34                xAreStaticAllocationTasksStillRunning
 .text.prvNonBlockingReceiverTask
                0x80009b5c       0x92 /Users/putao/code/test/c/free-rtos-riscv/build/StreamBufferDemo.o
 .text.prvInterruptTriggerLevelTest
                0x80009bee      0x104 /Users/putao/code/test/c/free-rtos-riscv/build/StreamBufferDemo.o
 .text.prvCheckExpectedState
                0x80009cf2       0x22 /Users/putao/code/test/c/free-rtos-riscv/build/StreamBufferDemo.o
 .text.prvReceiverTask
                0x80009d14       0x62 /Users/putao/code/test/c/free-rtos-riscv/build/StreamBufferDemo.o
 .text.prvNonBlockingSenderTask
                0x80009d76       0x52 /Users/putao/code/test/c/free-rtos-riscv/build/StreamBufferDemo.o
 .text.prvSingleTaskTests
                0x80009dc8      0x7e0 /Users/putao/code/test/c/free-rtos-riscv/build/StreamBufferDemo.o
 .text.prvSenderTask
                0x8000a5a8      0x112 /Users/putao/code/test/c/free-rtos-riscv/build/StreamBufferDemo.o
 .text.prvEchoServer
                0x8000a6ba      0x100 /Users/putao/code/test/c/free-rtos-riscv/build/StreamBufferDemo.o
 .text.prvEchoClient
                0x8000a7ba      0x208 /Users/putao/code/test/c/free-rtos-riscv/build/StreamBufferDemo.o
 .text.vStartStreamBufferTasks
                0x8000a9c2       0xe6 /Users/putao/code/test/c/free-rtos-riscv/build/StreamBufferDemo.o
                0x8000a9c2                vStartStreamBufferTasks
 .text.vPeriodicStreamBufferProcessing
                0x8000aaa8       0x46 /Users/putao/code/test/c/free-rtos-riscv/build/StreamBufferDemo.o
                0x8000aaa8                vPeriodicStreamBufferProcessing
 .text.xAreStreamBufferTasksStillRunning
                0x8000aaee       0x9e /Users/putao/code/test/c/free-rtos-riscv/build/StreamBufferDemo.o
                0x8000aaee                xAreStreamBufferTasksStillRunning
 .text.prvReceivingTask
                0x8000ab8c       0xba /Users/putao/code/test/c/free-rtos-riscv/build/StreamBufferInterrupt.o
 .text.vStartStreamBufferInterruptDemo
                0x8000ac46       0x3a /Users/putao/code/test/c/free-rtos-riscv/build/StreamBufferInterrupt.o
                0x8000ac46                vStartStreamBufferInterruptDemo
 .text.vBasicStreamBufferSendFromISR
                0x8000ac80       0x56 /Users/putao/code/test/c/free-rtos-riscv/build/StreamBufferInterrupt.o
                0x8000ac80                vBasicStreamBufferSendFromISR
 .text.xIsInterruptStreamBufferDemoStillRunning
                0x8000acd6       0x10 /Users/putao/code/test/c/free-rtos-riscv/build/StreamBufferInterrupt.o
                0x8000acd6                xIsInterruptStreamBufferDemoStillRunning
 .text.prvRand  0x8000ace6       0x1c /Users/putao/code/test/c/free-rtos-riscv/build/TaskNotify.o
 .text.prvNotifyingTimer
                0x8000ad02       0x36 /Users/putao/code/test/c/free-rtos-riscv/build/TaskNotify.o
 .text.prvNotifiedTask
                0x8000ad38      0x870 /Users/putao/code/test/c/free-rtos-riscv/build/TaskNotify.o
 .text.prvSuspendedTaskTimerTestCallback
                0x8000b5a8       0x7a /Users/putao/code/test/c/free-rtos-riscv/build/TaskNotify.o
 .text.vStartTaskNotifyTask
                0x8000b622       0x36 /Users/putao/code/test/c/free-rtos-riscv/build/TaskNotify.o
                0x8000b622                vStartTaskNotifyTask
 .text.xNotifyTaskFromISR
                0x8000b658       0xc4 /Users/putao/code/test/c/free-rtos-riscv/build/TaskNotify.o
                0x8000b658                xNotifyTaskFromISR
 .text.xAreTaskNotificationTasksStillRunning
                0x8000b71c       0x38 /Users/putao/code/test/c/free-rtos-riscv/build/TaskNotify.o
                0x8000b71c                xAreTaskNotificationTasksStillRunning
 .text.prvRand  0x8000b754       0x1c /Users/putao/code/test/c/free-rtos-riscv/build/TaskNotifyArray.o
 .text.prvNotifyingTimerCallback
                0x8000b770       0x32 /Users/putao/code/test/c/free-rtos-riscv/build/TaskNotifyArray.o
 .text.prvNotifiedTask
                0x8000b7a2      0xcd4 /Users/putao/code/test/c/free-rtos-riscv/build/TaskNotifyArray.o
 .text.prvSuspendedTaskTimerTestCallback
                0x8000c476       0x92 /Users/putao/code/test/c/free-rtos-riscv/build/TaskNotifyArray.o
 .text.vStartTaskNotifyArrayTask
                0x8000c508       0xaa /Users/putao/code/test/c/free-rtos-riscv/build/TaskNotifyArray.o
                0x8000c508                vStartTaskNotifyArrayTask
 .text.xNotifyArrayTaskFromISR
                0x8000c5b2       0xba /Users/putao/code/test/c/free-rtos-riscv/build/TaskNotifyArray.o
                0x8000c5b2                xNotifyArrayTaskFromISR
 .text.xAreTaskNotificationArrayTasksStillRunning
                0x8000c66c       0x50 /Users/putao/code/test/c/free-rtos-riscv/build/TaskNotifyArray.o
                0x8000c66c                xAreTaskNotificationArrayTasksStillRunning
 .text.prvISRAutoReloadTimerCallback
                0x8000c6bc        0xc /Users/putao/code/test/c/free-rtos-riscv/build/TimerDemo.o
 .text.prvISROneShotTimerCallback
                0x8000c6c8        0xc /Users/putao/code/test/c/free-rtos-riscv/build/TimerDemo.o
 .text.prvOneShotTimerCallback
                0x8000c6d4       0x54 /Users/putao/code/test/c/free-rtos-riscv/build/TimerDemo.o
 .text.prvTimerTestTask
                0x8000c728      0x780 /Users/putao/code/test/c/free-rtos-riscv/build/TimerDemo.o
 .text.prvAutoReloadTimerCallback
                0x8000cea8       0x72 /Users/putao/code/test/c/free-rtos-riscv/build/TimerDemo.o
 .text.vStartTimerDemoTask
                0x8000cf1a      0x1fa /Users/putao/code/test/c/free-rtos-riscv/build/TimerDemo.o
                0x8000cf1a                vStartTimerDemoTask
 .text.xAreTimerDemoTasksStillRunning
                0x8000d114       0x52 /Users/putao/code/test/c/free-rtos-riscv/build/TimerDemo.o
                0x8000d114                xAreTimerDemoTasksStillRunning
 .text.vTimerPeriodicISRTests
                0x8000d166      0x478 /Users/putao/code/test/c/free-rtos-riscv/build/TimerDemo.o
                0x8000d166                vTimerPeriodicISRTests
 .text.vApplicationMallocFailedHook
                0x8000d5de       0x16 /Users/putao/code/test/c/free-rtos-riscv/build/main.o
                0x8000d5de                vApplicationMallocFailedHook
 .text.vApplicationStackOverflowHook
                0x8000d5f4       0x16 /Users/putao/code/test/c/free-rtos-riscv/build/main.o
                0x8000d5f4                vApplicationStackOverflowHook
 .text.vApplicationTickHook
                0x8000d60a        0x2 /Users/putao/code/test/c/free-rtos-riscv/build/main.o
                0x8000d60a                vApplicationTickHook
 .text.vAssertCalled
                0x8000d60c       0x46 /Users/putao/code/test/c/free-rtos-riscv/build/main.o
                0x8000d60c                vAssertCalled
 .text.vApplicationGetIdleTaskMemory
                0x8000d652       0x1c /Users/putao/code/test/c/free-rtos-riscv/build/main.o
                0x8000d652                vApplicationGetIdleTaskMemory
 .text.vApplicationGetTimerTaskMemory
                0x8000d66e       0x1c /Users/putao/code/test/c/free-rtos-riscv/build/main.o
                0x8000d66e                vApplicationGetTimerTaskMemory
 .text.prvCheckTask
                0x8000d68a      0x25e /Users/putao/code/test/c/free-rtos-riscv/build/main_full.o
 .text.prvRegTestTaskEntry2
                0x8000d8e8       0x22 /Users/putao/code/test/c/free-rtos-riscv/build/main_full.o
 .text.prvRegTestTaskEntry1
                0x8000d90a       0x22 /Users/putao/code/test/c/free-rtos-riscv/build/main_full.o
 .text.main_full
                0x8000d92c       0xe2 /Users/putao/code/test/c/free-rtos-riscv/build/main_full.o
                0x8000d92c                main_full
 .text.vFullDemoTickHookFunction
                0x8000da0e       0x30 /Users/putao/code/test/c/free-rtos-riscv/build/main_full.o
                0x8000da0e                vFullDemoTickHookFunction
 .text.vOutNS16550
                0x8000da3e       0x14 /Users/putao/code/test/c/free-rtos-riscv/build/ns16550.o
                0x8000da3e                vOutNS16550
 .text.printchar
                0x8000da52       0x24 /Users/putao/code/test/c/free-rtos-riscv/build/printf-stdarg.o
 .text.prints   0x8000da76       0xb4 /Users/putao/code/test/c/free-rtos-riscv/build/printf-stdarg.o
 .text.printi   0x8000db2a       0xbc /Users/putao/code/test/c/free-rtos-riscv/build/printf-stdarg.o
 .text.tiny_print
                0x8000dbe6      0x18e /Users/putao/code/test/c/free-rtos-riscv/build/printf-stdarg.o
 .text.printf   0x8000dd74       0x26 /Users/putao/code/test/c/free-rtos-riscv/build/printf-stdarg.o
                0x8000dd74                printf
 .text.sprintf  0x8000dd9a       0x24 /Users/putao/code/test/c/free-rtos-riscv/build/printf-stdarg.o
                0x8000dd9a                sprintf
 .text          0x8000ddbe       0xba /Users/putao/code/test/c/free-rtos-riscv/build/portASM.o
                0x8000ddbe                pxPortInitialiseStack
                0x8000de02                xPortStartFirstTask
                0x8000de5c                freertos_risc_v_application_exception_handler
                0x8000de6a                freertos_risc_v_application_interrupt_handler
 .text.freertos_risc_v_exception_handler
                0x8000de78      0x136 /Users/putao/code/test/c/free-rtos-riscv/build/portASM.o
                0x8000de78                freertos_risc_v_exception_handler
 .text.freertos_risc_v_interrupt_handler
                0x8000dfae       0xc8 /Users/putao/code/test/c/free-rtos-riscv/build/portASM.o
                0x8000dfae                freertos_risc_v_interrupt_handler
 .text.freertos_risc_v_mtimer_interrupt_handler
                0x8000e076       0xf8 /Users/putao/code/test/c/free-rtos-riscv/build/portASM.o
                0x8000e076                freertos_risc_v_mtimer_interrupt_handler
 *fill*         0x8000e16e        0x2 
 .text          0x8000e170      0x26a /Users/putao/code/test/c/free-rtos-riscv/build/RegTest.o
                0x8000e170                vRegTest1Implementation
                0x8000e270                vRegTest2Implementation
 *fill*         0x8000e3da       0x26 
 .text          0x8000e400       0x80 /Users/putao/code/test/c/free-rtos-riscv/build/vector.o
                0x8000e400                freertos_vector_table
 .text          0x8000e480       0x3c /opt/homebrew/Cellar/riscv-gnu-toolchain/main/lib/gcc/riscv64-unknown-elf/13.2.0/rv32imac/ilp32/libgcc.a(_clzsi2.o)
                0x8000e480                __clzsi2
 .text.memcmp   0x8000e4bc       0x54 /opt/homebrew/Cellar/riscv-gnu-toolchain/main/lib/gcc/riscv64-unknown-elf/13.2.0/../../../../riscv64-unknown-elf/lib/rv32imac/ilp32/libc.a(libc_a-memcmp.o)
                0x8000e4bc                memcmp
 .text          0x8000e510       0xa8 /opt/homebrew/Cellar/riscv-gnu-toolchain/main/lib/gcc/riscv64-unknown-elf/13.2.0/../../../../riscv64-unknown-elf/lib/rv32imac/ilp32/libc.a(libc_a-memset.o)
                0x8000e510                memset
 .text.memcpy   0x8000e5b8      0x146 /opt/homebrew/Cellar/riscv-gnu-toolchain/main/lib/gcc/riscv64-unknown-elf/13.2.0/../../../../riscv64-unknown-elf/lib/rv32imac/ilp32/libc.a(libc_a-memcpy.o)
                0x8000e5b8                memcpy
 .text.strlen   0x8000e6fe       0x64 /opt/homebrew/Cellar/riscv-gnu-toolchain/main/lib/gcc/riscv64-unknown-elf/13.2.0/../../../../riscv64-unknown-elf/lib/rv32imac/ilp32/libc.a(libc_a-strlen.o)
                0x8000e6fe                strlen
 .text          0x8000e762      0x11e /opt/homebrew/Cellar/riscv-gnu-toolchain/main/lib/gcc/riscv64-unknown-elf/13.2.0/../../../../riscv64-unknown-elf/lib/rv32imac/ilp32/libc.a(libc_a-strcmp.o)
                0x8000e762                strcmp
 *(.gnu.linkonce.t.*)

.fini           0x8000e880        0x0
 *(SORT_NONE(.fini))
                0x8000e880                        _etext = .

.rodata.align   0x8000e880        0x0
                0x8000e880                        _rodata = .

.rodata.start   0x8000e880        0x0
                0x8000e880                        _rodata_lma = LOADADDR (.rodata.start)

.rodata         0x8000e880     0x1398
 *(.rdata)
 *(.rodata .rodata.*)
 .rodata.prvTaskIsTaskSuspended.str1.4
                0x8000e880     0x122b /Users/putao/code/test/c/free-rtos-riscv/build/tasks.o
                                 0x38 (size before relaxing)
 .rodata.vTaskStartScheduler.str1.4
                0x8000faab        0x5 /Users/putao/code/test/c/free-rtos-riscv/build/tasks.o
 *fill*         0x8000faab        0x1 
 .rodata.xTaskGenericNotify
                0x8000faac       0x14 /Users/putao/code/test/c/free-rtos-riscv/build/tasks.o
 .rodata.xTaskGenericNotifyFromISR
                0x8000fac0       0x14 /Users/putao/code/test/c/free-rtos-riscv/build/tasks.o
 .rodata.prvNotifyQueueSetContainer.str1.4
                0x8000fad4       0x38 /Users/putao/code/test/c/free-rtos-riscv/build/queue.o
 .rodata.prvTimerTask.str1.4
                0x8000fad4       0x39 /Users/putao/code/test/c/free-rtos-riscv/build/timers.o
 .rodata.prvTimerTask
                0x8000fad4       0x24 /Users/putao/code/test/c/free-rtos-riscv/build/timers.o
 .rodata.prvCheckForValidListAndQueue.str1.4
                0x8000faf8        0x5 /Users/putao/code/test/c/free-rtos-riscv/build/timers.o
 .rodata.xTimerCreateTimerTask.str1.4
                0x8000faf8        0x8 /Users/putao/code/test/c/free-rtos-riscv/build/timers.o
 .rodata.xEventGroupCreateStatic.str1.4
                0x8000faf8       0x3f /Users/putao/code/test/c/free-rtos-riscv/build/event_groups.o
 .rodata.prvWriteBytesToBuffer.str1.4
                0x8000faf8       0x40 /Users/putao/code/test/c/free-rtos-riscv/build/stream_buffer.o
 .rodata.pvPortMalloc.str1.4
                0x8000faf8       0x4a /Users/putao/code/test/c/free-rtos-riscv/build/heap_4.o
 .rodata.prvBlockingTask.str1.4
                0x8000faf8       0x4d /Users/putao/code/test/c/free-rtos-riscv/build/AbortDelay.o
 .rodata.prvBlockingTask
                0x8000faf8       0x20 /Users/putao/code/test/c/free-rtos-riscv/build/AbortDelay.o
 .rodata.prvControllingTask.str1.4
                0x8000fb18        0x7 /Users/putao/code/test/c/free-rtos-riscv/build/AbortDelay.o
 .rodata.vCreateBlockTimeTasks.str1.4
                0x8000fb18       0x23 /Users/putao/code/test/c/free-rtos-riscv/build/blocktim.o
 .rodata.prvDecrementSemaphoreCount.str1.4
                0x8000fb18       0x43 /Users/putao/code/test/c/free-rtos-riscv/build/countsem.o
 .rodata.vStartCountingSemaphoreTasks.str1.4
                0x8000fb18       0x2d /Users/putao/code/test/c/free-rtos-riscv/build/countsem.o
 .rodata.vCreateTasks.str1.4
                0x8000fb18       0x10 /Users/putao/code/test/c/free-rtos-riscv/build/death.o
 .rodata.vCreateSuicidalTasks.str1.4
                0x8000fb18        0x8 /Users/putao/code/test/c/free-rtos-riscv/build/death.o
 .rodata.vCounterControlTask.str1.4
                0x8000fb18       0x42 /Users/putao/code/test/c/free-rtos-riscv/build/dynamic.o
 .rodata.vStartDynamicPriorityTasks.str1.4
                0x8000fb18       0x40 /Users/putao/code/test/c/free-rtos-riscv/build/dynamic.o
 .rodata.prvSyncTask.str1.4
                0x8000fb18       0x4a /Users/putao/code/test/c/free-rtos-riscv/build/EventGroupsDemo.o
 .rodata.vStartEventGroupTasks.str1.4
                0x8000fb18       0x15 /Users/putao/code/test/c/free-rtos-riscv/build/EventGroupsDemo.o
 .rodata.prvLowPriorityMutexTask.str1.4
                0x8000fb18       0x43 /Users/putao/code/test/c/free-rtos-riscv/build/GenQTest.o
 .rodata.vStartGenericQueueTasks.str1.4
                0x8000fb18       0x48 /Users/putao/code/test/c/free-rtos-riscv/build/GenQTest.o
 .rodata.vInterruptMutexMasterTask.str1.4
                0x8000fb18       0x45 /Users/putao/code/test/c/free-rtos-riscv/build/IntSemTest.o
 .rodata.vStartInterruptSemaphoreTasks.str1.4
                0x8000fb18       0x17 /Users/putao/code/test/c/free-rtos-riscv/build/IntSemTest.o
 .rodata.prvCoreBTasks.str1.4
                0x8000fb18       0x50 /Users/putao/code/test/c/free-rtos-riscv/build/MessageBufferAMP.o
 .rodata.vStartMessageBufferAMPTasks.str1.4
                0x8000fb18       0x16 /Users/putao/code/test/c/free-rtos-riscv/build/MessageBufferAMP.o
 .rodata.prvSpaceAvailableCoherenceTester.str1.4
                0x8000fb18       0x4c /Users/putao/code/test/c/free-rtos-riscv/build/MessageBufferDemo.o
 .rodata.prvSpaceAvailableCoherenceActor.str1.4
                0x8000fb18        0x6 /Users/putao/code/test/c/free-rtos-riscv/build/MessageBufferDemo.o
 .rodata.prvReceiverTask.str1.4
                0x8000fb18        0x3 /Users/putao/code/test/c/free-rtos-riscv/build/MessageBufferDemo.o
 .rodata.prvSingleTaskTests.str1.4
                0x8000fb18       0x38 /Users/putao/code/test/c/free-rtos-riscv/build/MessageBufferDemo.o
 .rodata.prvSenderTask.str1.4
                0x8000fb18        0xc /Users/putao/code/test/c/free-rtos-riscv/build/MessageBufferDemo.o
 .rodata.prvEchoServer.str1.4
                0x8000fb18        0xb /Users/putao/code/test/c/free-rtos-riscv/build/MessageBufferDemo.o
 .rodata.vStartMessageBufferTasks.str1.4
                0x8000fb18       0x56 /Users/putao/code/test/c/free-rtos-riscv/build/MessageBufferDemo.o
 .rodata.vStartPolledQueueTasks.str1.4
                0x8000fb18       0x20 /Users/putao/code/test/c/free-rtos-riscv/build/PollQ.o
 .rodata.vStartQueuePeekTasks.str1.4
                0x8000fb18       0x33 /Users/putao/code/test/c/free-rtos-riscv/build/QPeek.o
 .rodata.prvQueueOverwriteTask.str1.4
                0x8000fb18       0x49 /Users/putao/code/test/c/free-rtos-riscv/build/QueueOverwrite.o
 .rodata.vStartQueueOverwriteTask.str1.4
                0x8000fb18        0x6 /Users/putao/code/test/c/free-rtos-riscv/build/QueueOverwrite.o
 .rodata.prvCheckReceivedValueWithinExpectedRange.str1.4
                0x8000fb18       0x43 /Users/putao/code/test/c/free-rtos-riscv/build/QueueSet.o
 .rodata.vStartQueueSetTasks.str1.4
                0x8000fb18        0xe /Users/putao/code/test/c/free-rtos-riscv/build/QueueSet.o
 .rodata.vStartQueueSetPollingTask.str1.4
                0x8000fb18        0x8 /Users/putao/code/test/c/free-rtos-riscv/build/QueueSetPolling.o
 .rodata.prvRecursiveMutexPollingTask.str1.4
                0x8000fb18       0x43 /Users/putao/code/test/c/free-rtos-riscv/build/recmutex.o
 .rodata.vStartRecursiveMutexTasks.str1.4
                0x8000fb18       0x25 /Users/putao/code/test/c/free-rtos-riscv/build/recmutex.o
 .rodata.vStartSemaphoreTasks.str1.4
                0x8000fb18       0x3f /Users/putao/code/test/c/free-rtos-riscv/build/semtest.o
 .rodata.prvSanityCheckCreatedSemaphore.str1.4
                0x8000fb18       0x4b /Users/putao/code/test/c/free-rtos-riscv/build/StaticAllocation.o
 .rodata.prvStaticallyAllocatedCreator.str1.4
                0x8000fb18        0xb /Users/putao/code/test/c/free-rtos-riscv/build/StaticAllocation.o
 .rodata.vStartStaticallyAllocatedTasks.str1.4
                0x8000fb18        0xb /Users/putao/code/test/c/free-rtos-riscv/build/StaticAllocation.o
 .rodata.prvNonBlockingReceiverTask.str1.4
                0x8000fb18       0x37 /Users/putao/code/test/c/free-rtos-riscv/build/StreamBufferDemo.o
 .rodata.prvInterruptTriggerLevelTest.str1.4
                0x8000fb18       0x57 /Users/putao/code/test/c/free-rtos-riscv/build/StreamBufferDemo.o
 .rodata.prvReceiverTask.str1.4
                0x8000fb18       0x38 /Users/putao/code/test/c/free-rtos-riscv/build/StreamBufferDemo.o
 .rodata.prvSenderTask.str1.4
                0x8000fb18        0xc /Users/putao/code/test/c/free-rtos-riscv/build/StreamBufferDemo.o
 .rodata.prvEchoServer.str1.4
                0x8000fb18        0xb /Users/putao/code/test/c/free-rtos-riscv/build/StreamBufferDemo.o
 .rodata.vStartStreamBufferTasks.str1.4
                0x8000fb18       0x57 /Users/putao/code/test/c/free-rtos-riscv/build/StreamBufferDemo.o
 .rodata.prvReceivingTask.str1.4
                0x8000fb18       0x5f /Users/putao/code/test/c/free-rtos-riscv/build/StreamBufferInterrupt.o
 .rodata.vStartStreamBufferInterruptDemo.str1.4
                0x8000fb18        0x9 /Users/putao/code/test/c/free-rtos-riscv/build/StreamBufferInterrupt.o
 .rodata.vBasicStreamBufferSendFromISR.str1.4
                0x8000fb18       0x19 /Users/putao/code/test/c/free-rtos-riscv/build/StreamBufferInterrupt.o
 .rodata.prvNotifiedTask.str1.4
                0x8000fb18       0x61 /Users/putao/code/test/c/free-rtos-riscv/build/TaskNotify.o
 .rodata.vStartTaskNotifyTask.str1.4
                0x8000fb18        0x9 /Users/putao/code/test/c/free-rtos-riscv/build/TaskNotify.o
 .rodata.prvNotifiedTask.str1.4
                0x8000fb18       0x4a /Users/putao/code/test/c/free-rtos-riscv/build/TaskNotifyArray.o
 .rodata.vStartTaskNotifyArrayTask.str1.4
                0x8000fb18       0x2a /Users/putao/code/test/c/free-rtos-riscv/build/TaskNotifyArray.o
 .rodata.prvOneShotTimerCallback.str1.4
                0x8000fb18       0x44 /Users/putao/code/test/c/free-rtos-riscv/build/TimerDemo.o
 .rodata.prvTimerTestTask.str1.4
                0x8000fb18        0xe /Users/putao/code/test/c/free-rtos-riscv/build/TimerDemo.o
 .rodata.vStartTimerDemoTask.str1.4
                0x8000fb18       0x24 /Users/putao/code/test/c/free-rtos-riscv/build/TimerDemo.o
 .rodata.vApplicationMallocFailedHook.str1.4
                0x8000fb18       0x14 /Users/putao/code/test/c/free-rtos-riscv/build/main.o
 .rodata.vApplicationStackOverflowHook.str1.4
                0x8000fb18       0x1b /Users/putao/code/test/c/free-rtos-riscv/build/main.o
 .rodata.vAssertCalled.str1.4
                0x8000fb18       0x1b /Users/putao/code/test/c/free-rtos-riscv/build/main.o
 .rodata.prvCheckTask.str1.4
                0x8000fb18      0x71e /Users/putao/code/test/c/free-rtos-riscv/build/main_full.o
 .rodata.main_full.str1.4
                0x8000fb18       0x16 /Users/putao/code/test/c/free-rtos-riscv/build/main_full.o
 .rodata.str1.4
                0x8000fb18       0x17 /Users/putao/code/test/c/free-rtos-riscv/build/main_full.o
 .rodata.tiny_print.str1.4
                0x8000fb18        0x7 /Users/putao/code/test/c/free-rtos-riscv/build/printf-stdarg.o
 .rodata        0x8000fb18      0x100 /opt/homebrew/Cellar/riscv-gnu-toolchain/main/lib/gcc/riscv64-unknown-elf/13.2.0/rv32imac/ilp32/libgcc.a(_clz.o)
                0x8000fb18                __clz_tab
 *(.gnu.linkonce.r.*)
                0x80010238                        . = ALIGN (0x4)
                0x8000fc18                        _erodata = .

.rela.dyn       0x8000fc18        0x0
 .rela.init     0x8000fc18        0x0 /Users/putao/code/test/c/free-rtos-riscv/build/tasks.o

.tdata          0x8000fc18        0x0
 *(.tdata .tdata.*)

.tbss           0x8000fc18        0x0
 *(.tbss .tbss.* .gnu.linkonce.tb.*)
 *(.tcommon)
                [!provide]                        PROVIDE (__tbss_end = .)
                [!provide]                        PROVIDE (__tls_end = .)
                [!provide]                        PROVIDE (__tdata_source = LOADADDR (.tdata))
                [!provide]                        PROVIDE (__tdata_source_end = (LOADADDR (.tdata) + SIZEOF (.tdata)))
                [!provide]                        PROVIDE (__tdata_size = SIZEOF (.tdata))
                [!provide]                        PROVIDE (__tbss_offset = (ADDR (.tbss) - ADDR (.tdata)))
                [!provide]                        PROVIDE (__tbss_start = ADDR (.tbss))
                [!provide]                        PROVIDE (__tbss_size = SIZEOF (.tbss))
                [!provide]                        PROVIDE (__tls_size = (__tls_end - ADDR (.tdata)))
                [!provide]                        PROVIDE (__tls_align = MAX (ALIGNOF (.tdata), ALIGNOF (.tbss)))

.data.align     0x80080000        0x0 load address 0x8000fc18
                0x80080000                        . = ALIGN (0x4)
                0x80080000                        _data = .

.data.start     0x80080000        0x0 load address 0x8000fc18
                0x8000fc18                        _data_lma = LOADADDR (.data.start)

.data           0x80080000       0x54 load address 0x8000fc18
 *(.data .data.*)
 *(.gnu.linkonce.d.*)
                0x80080000                        . = ALIGN (0x8)
                0x80080800                        PROVIDE (__global_pointer$ = (. + 0x800))
 *(.sdata .sdata.*)
 .sdata.pxCriticalNesting
                0x80080000        0x4 /Users/putao/code/test/c/free-rtos-riscv/build/port.o
                0x80080000                pxCriticalNesting
 .sdata.xCriticalNesting
                0x80080004        0x4 /Users/putao/code/test/c/free-rtos-riscv/build/port.o
                0x80080004                xCriticalNesting
 .sdata.pullNextTime
                0x80080008        0x4 /Users/putao/code/test/c/free-rtos-riscv/build/port.o
                0x80080008                pullNextTime
 .sdata.usLastCreationCount.1
                0x8008000c        0x2 /Users/putao/code/test/c/free-rtos-riscv/build/death.o
 *fill*         0x8008000e        0x2 
 .sdata.xDemoStatus
                0x80080010        0x4 /Users/putao/code/test/c/free-rtos-riscv/build/MessageBufferAMP.o
                0x80080010                xDemoStatus
 .sdata.xISRTestStatus
                0x80080014        0x4 /Users/putao/code/test/c/free-rtos-riscv/build/QueueOverwrite.o
 .sdata.ulExpectedReceivedFromISR.8
                0x80080018        0x4 /Users/putao/code/test/c/free-rtos-riscv/build/QueueSet.o
 .sdata.ulISRTxValue
                0x8008001c        0x4 /Users/putao/code/test/c/free-rtos-riscv/build/QueueSet.o
 .sdata.xQueueSetTasksStatus
                0x80080020        0x4 /Users/putao/code/test/c/free-rtos-riscv/build/QueueSet.o
 .sdata.xQueueSetPollStatus
                0x80080024        0x4 /Users/putao/code/test/c/free-rtos-riscv/build/QueueSetPolling.o
 .sdata.xErrorStatus
                0x80080028        0x4 /Users/putao/code/test/c/free-rtos-riscv/build/StreamBufferDemo.o
 .sdata.xDemoStatus
                0x8008002c        0x4 /Users/putao/code/test/c/free-rtos-riscv/build/StreamBufferInterrupt.o
 .sdata.xErrorStatus
                0x80080030        0x4 /Users/putao/code/test/c/free-rtos-riscv/build/TaskNotify.o
 .sdata.xErrorStatus.2
                0x80080034        0x4 /Users/putao/code/test/c/free-rtos-riscv/build/TaskNotifyArray.o
 .sdata.uxTick.0
                0x80080038        0x4 /Users/putao/code/test/c/free-rtos-riscv/build/TimerDemo.o
 .sdata.xTestStatus
                0x8008003c        0x4 /Users/putao/code/test/c/free-rtos-riscv/build/TimerDemo.o
 .sdata.pcMessage.0
                0x80080040        0x4 /Users/putao/code/test/c/free-rtos-riscv/build/main_full.o
 .sdata.dev     0x80080044        0x4 /Users/putao/code/test/c/free-rtos-riscv/build/printf-stdarg.o
 *(.sdata2 .sdata2.*)
 *(.gnu.linkonce.s.*)
                0x80080048                        . = ALIGN (0x8)
 *(.srodata.cst16)
 *(.srodata.cst8)
 *(.srodata.cst4)
 *(.srodata.cst2)
 *(.srodata .srodata.*)
 .srodata.uxTopUsedPriority
                0x80080048        0x4 /Users/putao/code/test/c/free-rtos-riscv/build/tasks.o
 .srodata.uxTimerIncrementsForOneTick
                0x8008004c        0x4 /Users/putao/code/test/c/free-rtos-riscv/build/port.o
                0x8008004c                uxTimerIncrementsForOneTick
 .srodata.xISRStackTop
                0x80080050        0x4 /Users/putao/code/test/c/free-rtos-riscv/build/port.o
                0x80080050                xISRStackTop
                0x80080054                        . = ALIGN (0x4)
                0x80080054                        _edata = .

.bss.align      0x80080054        0x0 load address 0x8000fc6c
                0x80080054                        . = ALIGN (0x4)
                0x80080054                        _bss = .

.bss.start      0x80080054        0x0 load address 0x8000fc6c
                0x8000fc6c                        _bss_lma = LOADADDR (.bss.start)

.bss            0x80080060    0x15b2c load address 0x8000fc6c
 *(.sbss*)
 .sbss.uxSchedulerSuspended
                0x80080060        0x4 /Users/putao/code/test/c/free-rtos-riscv/build/tasks.o
 .sbss.xIdleTaskHandles
                0x80080064        0x4 /Users/putao/code/test/c/free-rtos-riscv/build/tasks.o
 .sbss.xNextTaskUnblockTime
                0x80080068        0x4 /Users/putao/code/test/c/free-rtos-riscv/build/tasks.o
 .sbss.uxTaskNumber
                0x8008006c        0x4 /Users/putao/code/test/c/free-rtos-riscv/build/tasks.o
 .sbss.xNumOfOverflows
                0x80080070        0x4 /Users/putao/code/test/c/free-rtos-riscv/build/tasks.o
 .sbss.xYieldPendings
                0x80080074        0x4 /Users/putao/code/test/c/free-rtos-riscv/build/tasks.o
 .sbss.xPendedTicks
                0x80080078        0x4 /Users/putao/code/test/c/free-rtos-riscv/build/tasks.o
 .sbss.xSchedulerRunning
                0x8008007c        0x4 /Users/putao/code/test/c/free-rtos-riscv/build/tasks.o
 .sbss.uxTopReadyPriority
                0x80080080        0x4 /Users/putao/code/test/c/free-rtos-riscv/build/tasks.o
 .sbss.xTickCount
                0x80080084        0x4 /Users/putao/code/test/c/free-rtos-riscv/build/tasks.o
 .sbss.uxCurrentNumberOfTasks
                0x80080088        0x4 /Users/putao/code/test/c/free-rtos-riscv/build/tasks.o
 .sbss.uxDeletedTasksWaitingCleanUp
                0x8008008c        0x4 /Users/putao/code/test/c/free-rtos-riscv/build/tasks.o
 .sbss.pxOverflowDelayedTaskList
                0x80080090        0x4 /Users/putao/code/test/c/free-rtos-riscv/build/tasks.o
 .sbss.pxDelayedTaskList
                0x80080094        0x4 /Users/putao/code/test/c/free-rtos-riscv/build/tasks.o
 .sbss.pxCurrentTCB
                0x80080098        0x4 /Users/putao/code/test/c/free-rtos-riscv/build/tasks.o
                0x80080098                pxCurrentTCB
 .sbss.xLastTime.2
                0x8008009c        0x4 /Users/putao/code/test/c/free-rtos-riscv/build/timers.o
 .sbss.xTimerTaskHandle
                0x800800a0        0x4 /Users/putao/code/test/c/free-rtos-riscv/build/timers.o
 .sbss.xTimerQueue
                0x800800a4        0x4 /Users/putao/code/test/c/free-rtos-riscv/build/timers.o
 .sbss.pxOverflowTimerList
                0x800800a8        0x4 /Users/putao/code/test/c/free-rtos-riscv/build/timers.o
 .sbss.pxCurrentTimerList
                0x800800ac        0x4 /Users/putao/code/test/c/free-rtos-riscv/build/timers.o
 .sbss.xNumberOfSuccessfulFrees
                0x800800b0        0x4 /Users/putao/code/test/c/free-rtos-riscv/build/heap_4.o
 .sbss.xNumberOfSuccessfulAllocations
                0x800800b4        0x4 /Users/putao/code/test/c/free-rtos-riscv/build/heap_4.o
 .sbss.xMinimumEverFreeBytesRemaining
                0x800800b8        0x4 /Users/putao/code/test/c/free-rtos-riscv/build/heap_4.o
 .sbss.xFreeBytesRemaining
                0x800800bc        0x4 /Users/putao/code/test/c/free-rtos-riscv/build/heap_4.o
 .sbss.pxEnd    0x800800c0        0x4 /Users/putao/code/test/c/free-rtos-riscv/build/heap_4.o
 .sbss.xStart   0x800800c4        0x8 /Users/putao/code/test/c/free-rtos-riscv/build/heap_4.o
 .sbss.xTaskReturnAddress
                0x800800cc        0x4 /Users/putao/code/test/c/free-rtos-riscv/build/port.o
                0x800800cc                xTaskReturnAddress
 .sbss.pullMachineTimerCompareRegister
                0x800800d0        0x4 /Users/putao/code/test/c/free-rtos-riscv/build/port.o
                0x800800d0                pullMachineTimerCompareRegister
 *fill*         0x800800d4        0x4 
 .sbss.ullNextTime
                0x800800d8        0x8 /Users/putao/code/test/c/free-rtos-riscv/build/port.o
                0x800800d8                ullNextTime
 .sbss.xLastBlockingCycleCount.0
                0x800800e0        0x4 /Users/putao/code/test/c/free-rtos-riscv/build/AbortDelay.o
 .sbss.xLastControllingCycleCount.1
                0x800800e4        0x4 /Users/putao/code/test/c/free-rtos-riscv/build/AbortDelay.o
 .sbss.ucStorageBuffer.2
                0x800800e8        0x5 /Users/putao/code/test/c/free-rtos-riscv/build/AbortDelay.o
 *fill*         0x800800ed        0x3 
 .sbss.ucQueueStorage.4
                0x800800f0        0x1 /Users/putao/code/test/c/free-rtos-riscv/build/AbortDelay.o
 *fill*         0x800800f1        0x3 
 .sbss.xErrorOccurred
                0x800800f4        0x4 /Users/putao/code/test/c/free-rtos-riscv/build/AbortDelay.o
 .sbss.xBlockingCycles
                0x800800f8        0x4 /Users/putao/code/test/c/free-rtos-riscv/build/AbortDelay.o
 .sbss.xControllingCycles
                0x800800fc        0x4 /Users/putao/code/test/c/free-rtos-riscv/build/AbortDelay.o
 .sbss.xLastSecondaryCycleCount.0
                0x80080100        0x4 /Users/putao/code/test/c/free-rtos-riscv/build/blocktim.o
 .sbss.xLastPrimaryCycleCount.1
                0x80080104        0x4 /Users/putao/code/test/c/free-rtos-riscv/build/blocktim.o
 .sbss.xRunIndicator
                0x80080108        0x4 /Users/putao/code/test/c/free-rtos-riscv/build/blocktim.o
 .sbss.xErrorOccurred
                0x8008010c        0x4 /Users/putao/code/test/c/free-rtos-riscv/build/blocktim.o
 .sbss.xSecondaryCycles
                0x80080110        0x4 /Users/putao/code/test/c/free-rtos-riscv/build/blocktim.o
 .sbss.xPrimaryCycles
                0x80080114        0x4 /Users/putao/code/test/c/free-rtos-riscv/build/blocktim.o
 .sbss.xSecondary
                0x80080118        0x4 /Users/putao/code/test/c/free-rtos-riscv/build/blocktim.o
 .sbss.xTestQueue
                0x8008011c        0x4 /Users/putao/code/test/c/free-rtos-riscv/build/blocktim.o
 .sbss.uxLastCount1.0
                0x80080120        0x4 /Users/putao/code/test/c/free-rtos-riscv/build/countsem.o
 .sbss.uxLastCount0.1
                0x80080124        0x4 /Users/putao/code/test/c/free-rtos-riscv/build/countsem.o
 .sbss.xErrorDetected
                0x80080128        0x4 /Users/putao/code/test/c/free-rtos-riscv/build/countsem.o
 .sbss.xCreatedTask
                0x8008012c        0x4 /Users/putao/code/test/c/free-rtos-riscv/build/death.o
                0x8008012c                xCreatedTask
 .sbss.uxTasksRunningAtStart
                0x80080130        0x4 /Users/putao/code/test/c/free-rtos-riscv/build/death.o
 .sbss.usCreationCount
                0x80080134        0x2 /Users/putao/code/test/c/free-rtos-riscv/build/death.o
 *fill*         0x80080136        0x2 
 .sbss.ulLastExpectedValue.0
                0x80080138        0x4 /Users/putao/code/test/c/free-rtos-riscv/build/dynamic.o
 .sbss.usLastTaskCheck.1
                0x8008013c        0x2 /Users/putao/code/test/c/free-rtos-riscv/build/dynamic.o
 *fill*         0x8008013e        0x2 
 .sbss.ulValueToSend.2
                0x80080140        0x4 /Users/putao/code/test/c/free-rtos-riscv/build/dynamic.o
 .sbss.ulExpectedValue
                0x80080144        0x4 /Users/putao/code/test/c/free-rtos-riscv/build/dynamic.o
 .sbss.xSuspendedTestQueue
                0x80080148        0x4 /Users/putao/code/test/c/free-rtos-riscv/build/dynamic.o
                0x80080148                xSuspendedTestQueue
 .sbss.xSuspendedQueueReceiveError
                0x8008014c        0x4 /Users/putao/code/test/c/free-rtos-riscv/build/dynamic.o
 .sbss.xSuspendedQueueSendError
                0x80080150        0x4 /Users/putao/code/test/c/free-rtos-riscv/build/dynamic.o
 .sbss.usCheckVariable
                0x80080154        0x2 /Users/putao/code/test/c/free-rtos-riscv/build/dynamic.o
 *fill*         0x80080156        0x2 
 .sbss.ulCounter
                0x80080158        0x4 /Users/putao/code/test/c/free-rtos-riscv/build/dynamic.o
 .sbss.xLimitedIncrementHandle
                0x8008015c        0x4 /Users/putao/code/test/c/free-rtos-riscv/build/dynamic.o
 .sbss.xContinuousIncrementHandle
                0x80080160        0x4 /Users/putao/code/test/c/free-rtos-riscv/build/dynamic.o
 .sbss.ulPreviousISRCycles.0
                0x80080164        0x4 /Users/putao/code/test/c/free-rtos-riscv/build/EventGroupsDemo.o
 .sbss.ulPreviousWaitBitCycles.1
                0x80080168        0x4 /Users/putao/code/test/c/free-rtos-riscv/build/EventGroupsDemo.o
 .sbss.ulPreviousSetBitCycles.2
                0x8008016c        0x4 /Users/putao/code/test/c/free-rtos-riscv/build/EventGroupsDemo.o
 .sbss.xISRTestError.3
                0x80080170        0x4 /Users/putao/code/test/c/free-rtos-riscv/build/EventGroupsDemo.o
 .sbss.xCallCount.4
                0x80080174        0x4 /Users/putao/code/test/c/free-rtos-riscv/build/EventGroupsDemo.o
 .sbss.xSyncTask2
                0x80080178        0x4 /Users/putao/code/test/c/free-rtos-riscv/build/EventGroupsDemo.o
 .sbss.xSyncTask1
                0x8008017c        0x4 /Users/putao/code/test/c/free-rtos-riscv/build/EventGroupsDemo.o
 .sbss.xISREventGroup
                0x80080180        0x4 /Users/putao/code/test/c/free-rtos-riscv/build/EventGroupsDemo.o
 .sbss.xEventGroup
                0x80080184        0x4 /Users/putao/code/test/c/free-rtos-riscv/build/EventGroupsDemo.o
 .sbss.ulISRCycles
                0x80080188        0x4 /Users/putao/code/test/c/free-rtos-riscv/build/EventGroupsDemo.o
 .sbss.ulTestSlaveCycles
                0x8008018c        0x4 /Users/putao/code/test/c/free-rtos-riscv/build/EventGroupsDemo.o
 .sbss.ulTestMasterCycles
                0x80080190        0x4 /Users/putao/code/test/c/free-rtos-riscv/build/EventGroupsDemo.o
 .sbss.ulLastLoopCounter2.0
                0x80080194        0x4 /Users/putao/code/test/c/free-rtos-riscv/build/GenQTest.o
 .sbss.ulLastLoopCounter.1
                0x80080198        0x4 /Users/putao/code/test/c/free-rtos-riscv/build/GenQTest.o
 .sbss.uxLoopCount.2
                0x8008019c        0x4 /Users/putao/code/test/c/free-rtos-riscv/build/GenQTest.o
 .sbss.xBlockWasAborted
                0x800801a0        0x4 /Users/putao/code/test/c/free-rtos-riscv/build/GenQTest.o
 .sbss.xSecondMediumPriorityMutexTask
                0x800801a4        0x4 /Users/putao/code/test/c/free-rtos-riscv/build/GenQTest.o
 .sbss.xMediumPriorityMutexTask
                0x800801a8        0x4 /Users/putao/code/test/c/free-rtos-riscv/build/GenQTest.o
 .sbss.xHighPriorityMutexTask
                0x800801ac        0x4 /Users/putao/code/test/c/free-rtos-riscv/build/GenQTest.o
 .sbss.ulGuardedVariable
                0x800801b0        0x4 /Users/putao/code/test/c/free-rtos-riscv/build/GenQTest.o
 .sbss.ulLoopCounter2
                0x800801b4        0x4 /Users/putao/code/test/c/free-rtos-riscv/build/GenQTest.o
 .sbss.ulLoopCounter
                0x800801b8        0x4 /Users/putao/code/test/c/free-rtos-riscv/build/GenQTest.o
 .sbss.xErrorDetected
                0x800801bc        0x4 /Users/putao/code/test/c/free-rtos-riscv/build/GenQTest.o
 .sbss.ulLastCountingSemaphoreLoops.0
                0x800801c0        0x4 /Users/putao/code/test/c/free-rtos-riscv/build/IntSemTest.o
 .sbss.ulLastMasterLoopCounter.1
                0x800801c4        0x4 /Users/putao/code/test/c/free-rtos-riscv/build/IntSemTest.o
 .sbss.xLastGiveTime.2
                0x800801c8        0x4 /Users/putao/code/test/c/free-rtos-riscv/build/IntSemTest.o
 .sbss.xOkToGiveCountingSemaphore
                0x800801cc        0x4 /Users/putao/code/test/c/free-rtos-riscv/build/IntSemTest.o
 .sbss.xOkToGiveMutex
                0x800801d0        0x4 /Users/putao/code/test/c/free-rtos-riscv/build/IntSemTest.o
 .sbss.xMasterSlaveMutex
                0x800801d4        0x4 /Users/putao/code/test/c/free-rtos-riscv/build/IntSemTest.o
 .sbss.xISRCountingSemaphore
                0x800801d8        0x4 /Users/putao/code/test/c/free-rtos-riscv/build/IntSemTest.o
 .sbss.xISRMutex
                0x800801dc        0x4 /Users/putao/code/test/c/free-rtos-riscv/build/IntSemTest.o
 .sbss.xSlaveHandle
                0x800801e0        0x4 /Users/putao/code/test/c/free-rtos-riscv/build/IntSemTest.o
 .sbss.ulCountingSemaphoreLoops
                0x800801e4        0x4 /Users/putao/code/test/c/free-rtos-riscv/build/IntSemTest.o
 .sbss.ulMasterLoops
                0x800801e8        0x4 /Users/putao/code/test/c/free-rtos-riscv/build/IntSemTest.o
 .sbss.xErrorDetected
                0x800801ec        0x4 /Users/putao/code/test/c/free-rtos-riscv/build/IntSemTest.o
 .sbss.ulLastCycleCounters.0
                0x800801f0        0x8 /Users/putao/code/test/c/free-rtos-riscv/build/MessageBufferAMP.o
 .sbss.ulCycleCounters
                0x800801f8        0x8 /Users/putao/code/test/c/free-rtos-riscv/build/MessageBufferAMP.o
 .sbss.xControlMessageBuffer
                0x80080200        0x4 /Users/putao/code/test/c/free-rtos-riscv/build/MessageBufferAMP.o
 .sbss.xCoreBMessageBuffers
                0x80080204        0x8 /Users/putao/code/test/c/free-rtos-riscv/build/MessageBufferAMP.o
 .sbss.ullastSizeCoherencyTestCycles.0
                0x8008020c        0x4 /Users/putao/code/test/c/free-rtos-riscv/build/MessageBufferDemo.o
 .sbss.ulLastSenderLoopCounters.1
                0x80080210        0x8 /Users/putao/code/test/c/free-rtos-riscv/build/MessageBufferDemo.o
 .sbss.ulLastNonBlockingRxCounter.2
                0x80080218        0x4 /Users/putao/code/test/c/free-rtos-riscv/build/MessageBufferDemo.o
 .sbss.ulLastEchoLoopCounters.3
                0x8008021c        0x8 /Users/putao/code/test/c/free-rtos-riscv/build/MessageBufferDemo.o
 .sbss.xBlockingStackSize
                0x80080224        0x4 /Users/putao/code/test/c/free-rtos-riscv/build/MessageBufferDemo.o
 .sbss.ulNonBlockingRxCounter
                0x80080228        0x4 /Users/putao/code/test/c/free-rtos-riscv/build/MessageBufferDemo.o
 .sbss.ulEchoLoopCounters
                0x8008022c        0x8 /Users/putao/code/test/c/free-rtos-riscv/build/MessageBufferDemo.o
 .sbss.ulSizeCoherencyTestCycles
                0x80080234        0x4 /Users/putao/code/test/c/free-rtos-riscv/build/MessageBufferDemo.o
 .sbss.xCoherenceTestMessageBuffer
                0x80080238        0x4 /Users/putao/code/test/c/free-rtos-riscv/build/MessageBufferDemo.o
 .sbss.ulSenderLoopCounters
                0x8008023c        0x8 /Users/putao/code/test/c/free-rtos-riscv/build/MessageBufferDemo.o
 .sbss.xPolledQueue.0
                0x80080244        0x4 /Users/putao/code/test/c/free-rtos-riscv/build/PollQ.o
 .sbss.xPollingProducerCount
                0x80080248        0x4 /Users/putao/code/test/c/free-rtos-riscv/build/PollQ.o
 .sbss.xPollingConsumerCount
                0x8008024c        0x4 /Users/putao/code/test/c/free-rtos-riscv/build/PollQ.o
 .sbss.ulLastLoopCounter.0
                0x80080250        0x4 /Users/putao/code/test/c/free-rtos-riscv/build/QPeek.o
 .sbss.xHighestPriorityTask
                0x80080254        0x4 /Users/putao/code/test/c/free-rtos-riscv/build/QPeek.o
                0x80080254                xHighestPriorityTask
 .sbss.xHighPriorityTask
                0x80080258        0x4 /Users/putao/code/test/c/free-rtos-riscv/build/QPeek.o
                0x80080258                xHighPriorityTask
 .sbss.xMediumPriorityTask
                0x8008025c        0x4 /Users/putao/code/test/c/free-rtos-riscv/build/QPeek.o
                0x8008025c                xMediumPriorityTask
 .sbss.ulLoopCounter
                0x80080260        0x4 /Users/putao/code/test/c/free-rtos-riscv/build/QPeek.o
 .sbss.xErrorDetected
                0x80080264        0x4 /Users/putao/code/test/c/free-rtos-riscv/build/QPeek.o
 .sbss.ulCallCount.0
                0x80080268        0x4 /Users/putao/code/test/c/free-rtos-riscv/build/QueueOverwrite.o
 .sbss.xISRQueue
                0x8008026c        0x4 /Users/putao/code/test/c/free-rtos-riscv/build/QueueOverwrite.o
 .sbss.ulLoopCounter
                0x80080270        0x4 /Users/putao/code/test/c/free-rtos-riscv/build/QueueOverwrite.o
 .sbss.xQueueToWriteTo.0
                0x80080274        0x4 /Users/putao/code/test/c/free-rtos-riscv/build/QueueSet.o
 .sbss.ulCallCount.1
                0x80080278        0x4 /Users/putao/code/test/c/free-rtos-riscv/build/QueueSet.o
 .sbss.ulLastISRTxValue.2
                0x8008027c        0x4 /Users/putao/code/test/c/free-rtos-riscv/build/QueueSet.o
 .sbss.ulLastCycleCounter.4
                0x80080280        0x4 /Users/putao/code/test/c/free-rtos-riscv/build/QueueSet.o
 .sbss.ePriorities.5
                0x80080284        0x4 /Users/putao/code/test/c/free-rtos-riscv/build/QueueSet.o
 .sbss.ulLoops.6
                0x80080288        0x4 /Users/putao/code/test/c/free-rtos-riscv/build/QueueSet.o
 .sbss.ulExpectedReceivedFromTask.7
                0x8008028c        0x4 /Users/putao/code/test/c/free-rtos-riscv/build/QueueSet.o
 .sbss.xQueueSetReceivingTask
                0x80080290        0x4 /Users/putao/code/test/c/free-rtos-riscv/build/QueueSet.o
                0x80080290                xQueueSetReceivingTask
 .sbss.xQueueSetSendingTask
                0x80080294        0x4 /Users/putao/code/test/c/free-rtos-riscv/build/QueueSet.o
                0x80080294                xQueueSetSendingTask
 .sbss.uxNextRand
                0x80080298        0x4 /Users/putao/code/test/c/free-rtos-riscv/build/QueueSet.o
 .sbss.xSetupComplete
                0x8008029c        0x4 /Users/putao/code/test/c/free-rtos-riscv/build/QueueSet.o
 .sbss.ulCycleCounter
                0x800802a0        0x4 /Users/putao/code/test/c/free-rtos-riscv/build/QueueSet.o
 .sbss.xQueueSet
                0x800802a4        0x4 /Users/putao/code/test/c/free-rtos-riscv/build/QueueSet.o
 .sbss.ulLastCycleCounter.0
                0x800802a8        0x4 /Users/putao/code/test/c/free-rtos-riscv/build/QueueSetPolling.o
 .sbss.ulValueToSend.1
                0x800802ac        0x4 /Users/putao/code/test/c/free-rtos-riscv/build/QueueSetPolling.o
 .sbss.ulCallCount.2
                0x800802b0        0x4 /Users/putao/code/test/c/free-rtos-riscv/build/QueueSetPolling.o
 .sbss.ulCycleCounter
                0x800802b4        0x4 /Users/putao/code/test/c/free-rtos-riscv/build/QueueSetPolling.o
 .sbss.xQueueSet
                0x800802b8        0x4 /Users/putao/code/test/c/free-rtos-riscv/build/QueueSetPolling.o
 .sbss.xQueue   0x800802bc        0x4 /Users/putao/code/test/c/free-rtos-riscv/build/QueueSetPolling.o
 .sbss.uxLastPollingCycles.0
                0x800802c0        0x4 /Users/putao/code/test/c/free-rtos-riscv/build/recmutex.o
 .sbss.uxLastBlockingCycles.1
                0x800802c4        0x4 /Users/putao/code/test/c/free-rtos-riscv/build/recmutex.o
 .sbss.uxLastControllingCycles.2
                0x800802c8        0x4 /Users/putao/code/test/c/free-rtos-riscv/build/recmutex.o
 .sbss.xBlockingTaskHandle
                0x800802cc        0x4 /Users/putao/code/test/c/free-rtos-riscv/build/recmutex.o
 .sbss.xControllingTaskHandle
                0x800802d0        0x4 /Users/putao/code/test/c/free-rtos-riscv/build/recmutex.o
 .sbss.uxPollingCycles
                0x800802d4        0x4 /Users/putao/code/test/c/free-rtos-riscv/build/recmutex.o
 .sbss.uxBlockingCycles
                0x800802d8        0x4 /Users/putao/code/test/c/free-rtos-riscv/build/recmutex.o
 .sbss.uxControllingCycles
                0x800802dc        0x4 /Users/putao/code/test/c/free-rtos-riscv/build/recmutex.o
 .sbss.xBlockingIsSuspended
                0x800802e0        0x4 /Users/putao/code/test/c/free-rtos-riscv/build/recmutex.o
 .sbss.xControllingIsSuspended
                0x800802e4        0x4 /Users/putao/code/test/c/free-rtos-riscv/build/recmutex.o
 .sbss.xErrorOccurred
                0x800802e8        0x4 /Users/putao/code/test/c/free-rtos-riscv/build/recmutex.o
 .sbss.xMutex   0x800802ec        0x4 /Users/putao/code/test/c/free-rtos-riscv/build/recmutex.o
 .sbss.sLastCheckVariables.0
                0x800802f0        0x8 /Users/putao/code/test/c/free-rtos-riscv/build/semtest.o
 .sbss.sNextCheckVariable
                0x800802f8        0x2 /Users/putao/code/test/c/free-rtos-riscv/build/semtest.o
 *fill*         0x800802fa        0x2 
 .sbss.sCheckVariables
                0x800802fc        0x8 /Users/putao/code/test/c/free-rtos-riscv/build/semtest.o
 .sbss.uxLastCycleCounter.0
                0x80080304        0x4 /Users/putao/code/test/c/free-rtos-riscv/build/StaticAllocation.o
 .sbss.xErrorOccurred
                0x80080308        0x4 /Users/putao/code/test/c/free-rtos-riscv/build/StaticAllocation.o
 .sbss.uxCycleCounter
                0x8008030c        0x4 /Users/putao/code/test/c/free-rtos-riscv/build/StaticAllocation.o
 .sbss.ulNextRand
                0x80080310        0x4 /Users/putao/code/test/c/free-rtos-riscv/build/StaticAllocation.o
 .sbss.ulLastSenderLoopCounters.0